Component: ARM Compiler 5.06 update 4 (build 422) Tool: armlink [4d35d2]

==============================================================================

Section Cross References

    startup_stm32f407xx.o(RESET) refers to startup_stm32f407xx.o(STACK) for __initial_sp
    startup_stm32f407xx.o(RESET) refers to startup_stm32f407xx.o(.text) for Reset_Handler
    startup_stm32f407xx.o(RESET) refers to stm32f4xx_it.o(i.NMI_Handler) for NMI_Handler
    startup_stm32f407xx.o(RESET) refers to stm32f4xx_it.o(i.HardFault_Handler) for HardFault_Handler
    startup_stm32f407xx.o(RESET) refers to stm32f4xx_it.o(i.MemManage_Handler) for MemManage_Handler
    startup_stm32f407xx.o(RESET) refers to stm32f4xx_it.o(i.BusFault_Handler) for BusFault_Handler
    startup_stm32f407xx.o(RESET) refers to stm32f4xx_it.o(i.UsageFault_Handler) for UsageFault_Handler
    startup_stm32f407xx.o(RESET) refers to port.o(.emb_text) for SVC_Handler
    startup_stm32f407xx.o(RESET) refers to stm32f4xx_it.o(i.DebugMon_Handler) for DebugMon_Handler
    startup_stm32f407xx.o(RESET) refers to stm32f4xx_it.o(i.SysTick_Handler) for SysTick_Handler
    startup_stm32f407xx.o(RESET) refers to stm32f4xx_it.o(i.TIM1_UP_TIM10_IRQHandler) for TIM1_UP_TIM10_IRQHandler
    startup_stm32f407xx.o(RESET) refers to stm32f4xx_it.o(i.OTG_FS_IRQHandler) for OTG_FS_IRQHandler
    startup_stm32f407xx.o(.text) refers to system_stm32f4xx.o(i.SystemInit) for SystemInit
    startup_stm32f407xx.o(.text) refers to entry.o(.ARM.Collect$$$$00000000) for __main
    usbd_ioreq.o(i.USBD_CtlContinueRx) refers to usbd_conf.o(i.USBD_LL_PrepareReceive) for USBD_LL_PrepareReceive
    usbd_ioreq.o(i.USBD_CtlContinueSendData) refers to usbd_conf.o(i.USBD_LL_Transmit) for USBD_LL_Transmit
    usbd_ioreq.o(i.USBD_CtlPrepareRx) refers to usbd_conf.o(i.USBD_LL_PrepareReceive) for USBD_LL_PrepareReceive
    usbd_ioreq.o(i.USBD_CtlReceiveStatus) refers to usbd_conf.o(i.USBD_LL_PrepareReceive) for USBD_LL_PrepareReceive
    usbd_ioreq.o(i.USBD_CtlSendData) refers to usbd_conf.o(i.USBD_LL_Transmit) for USBD_LL_Transmit
    usbd_ioreq.o(i.USBD_CtlSendStatus) refers to usbd_conf.o(i.USBD_LL_Transmit) for USBD_LL_Transmit
    usbd_ioreq.o(i.USBD_GetRxCount) refers to usbd_conf.o(i.USBD_LL_GetRxDataSize) for USBD_LL_GetRxDataSize
    usbd_core.o(i.USBD_DeInit) refers to usbd_conf.o(i.USBD_LL_Stop) for USBD_LL_Stop
    usbd_core.o(i.USBD_DeInit) refers to usbd_conf.o(i.USBD_LL_DeInit) for USBD_LL_DeInit
    usbd_core.o(i.USBD_Init) refers to usbd_conf.o(i.USBD_LL_Init) for USBD_LL_Init
    usbd_core.o(i.USBD_LL_DataInStage) refers to usbd_ioreq.o(i.USBD_CtlContinueSendData) for USBD_CtlContinueSendData
    usbd_core.o(i.USBD_LL_DataInStage) refers to usbd_conf.o(i.USBD_LL_PrepareReceive) for USBD_LL_PrepareReceive
    usbd_core.o(i.USBD_LL_DataInStage) refers to usbd_ioreq.o(i.USBD_CtlReceiveStatus) for USBD_CtlReceiveStatus
    usbd_core.o(i.USBD_LL_DataOutStage) refers to usbd_ioreq.o(i.USBD_CtlContinueRx) for USBD_CtlContinueRx
    usbd_core.o(i.USBD_LL_DataOutStage) refers to usbd_ioreq.o(i.USBD_CtlSendStatus) for USBD_CtlSendStatus
    usbd_core.o(i.USBD_LL_Reset) refers to usbd_conf.o(i.USBD_LL_OpenEP) for USBD_LL_OpenEP
    usbd_core.o(i.USBD_LL_SetupStage) refers to usbd_ctlreq.o(i.USBD_ParseSetupRequest) for USBD_ParseSetupRequest
    usbd_core.o(i.USBD_LL_SetupStage) refers to usbd_conf.o(i.USBD_LL_StallEP) for USBD_LL_StallEP
    usbd_core.o(i.USBD_LL_SetupStage) refers to usbd_ctlreq.o(i.USBD_StdDevReq) for USBD_StdDevReq
    usbd_core.o(i.USBD_LL_SetupStage) refers to usbd_ctlreq.o(i.USBD_StdItfReq) for USBD_StdItfReq
    usbd_core.o(i.USBD_LL_SetupStage) refers to usbd_ctlreq.o(i.USBD_StdEPReq) for USBD_StdEPReq
    usbd_core.o(i.USBD_Start) refers to usbd_conf.o(i.USBD_LL_Start) for USBD_LL_Start
    usbd_core.o(i.USBD_Stop) refers to usbd_conf.o(i.USBD_LL_Stop) for USBD_LL_Stop
    usbd_cdc.o(i.USBD_CDC_DataOut) refers to usbd_conf.o(i.USBD_LL_GetRxDataSize) for USBD_LL_GetRxDataSize
    usbd_cdc.o(i.USBD_CDC_DeInit) refers to usbd_conf.o(i.USBD_LL_CloseEP) for USBD_LL_CloseEP
    usbd_cdc.o(i.USBD_CDC_DeInit) refers to malloc.o(i.free) for free
    usbd_cdc.o(i.USBD_CDC_GetDeviceQualifierDescriptor) refers to usbd_cdc.o(.data) for .data
    usbd_cdc.o(i.USBD_CDC_GetFSCfgDesc) refers to usbd_cdc.o(.data) for .data
    usbd_cdc.o(i.USBD_CDC_GetHSCfgDesc) refers to usbd_cdc.o(.data) for .data
    usbd_cdc.o(i.USBD_CDC_GetOtherSpeedCfgDesc) refers to usbd_cdc.o(.data) for .data
    usbd_cdc.o(i.USBD_CDC_Init) refers to usbd_conf.o(i.USBD_LL_OpenEP) for USBD_LL_OpenEP
    usbd_cdc.o(i.USBD_CDC_Init) refers to malloc.o(i.malloc) for malloc
    usbd_cdc.o(i.USBD_CDC_Init) refers to usbd_conf.o(i.USBD_LL_PrepareReceive) for USBD_LL_PrepareReceive
    usbd_cdc.o(i.USBD_CDC_ReceivePacket) refers to usbd_conf.o(i.USBD_LL_PrepareReceive) for USBD_LL_PrepareReceive
[...]
    i.MX_GPIO_Init                           0x08001cb4   Section        0  main.o(i.MX_GPIO_Init)
    MX_GPIO_Init                             0x08001cb5   Thumb Code    92  main.o(i.MX_GPIO_Init)
    i.MX_SPI1_Init                           0x08001d18   Section        0  main.o(i.MX_SPI1_Init)
    MX_SPI1_Init                             0x08001d19   Thumb Code    56  main.o(i.MX_SPI1_Init)
    i.MX_USB_DEVICE_Init                     0x08001d58   Section        0  usb_device.o(i.MX_USB_DEVICE_Init)
    i.MemManage_Handler                      0x08001d90   Section        0  stm32f4xx_it.o(i.MemManage_Handler)
    i.NMI_Handler                            0x08001d92   Section        0  stm32f4xx_it.o(i.NMI_Handler)
    i.NVIC_SetPriority                       0x08001d94   Section        0  stm32f4xx_hal_cortex.o(i.NVIC_SetPriority)
    NVIC_SetPriority                         0x08001d95   Thumb Code    32  stm32f4xx_hal_cortex.o(i.NVIC_SetPriority)
    i.OTG_FS_IRQHandler                      0x08001db4   Section        0  stm32f4xx_it.o(i.OTG_FS_IRQHandler)
    i.PCD_WriteEmptyTxFifo                   0x08001dc0   Section        0  stm32f4xx_hal_pcd.o(i.PCD_WriteEmptyTxFifo)
    PCD_WriteEmptyTxFifo                     0x08001dc1   Thumb Code   136  stm32f4xx_hal_pcd.o(i.PCD_WriteEmptyTxFifo)
    i.SPI_CheckFlag_BSY                      0x08001e48   Section        0  stm32f4xx_hal_spi.o(i.SPI_CheckFlag_BSY)
    SPI_CheckFlag_BSY                        0x08001e49   Thumb Code    32  stm32f4xx_hal_spi.o(i.SPI_CheckFlag_BSY)
    i.SPI_WaitFlagStateUntilTimeout          0x08001e68   Section        0  stm32f4xx_hal_spi.o(i.SPI_WaitFlagStateUntilTimeout)
    SPI_WaitFlagStateUntilTimeout            0x08001e69   Thumb Code   150  stm32f4xx_hal_spi.o(i.SPI_WaitFlagStateUntilTimeout)
    i.StartDefaultTask                       0x08001f00   Section        0  main.o(i.StartDefaultTask)
    i.SysTick_Handler                        0x08002038   Section        0  stm32f4xx_it.o(i.SysTick_Handler)
    i.SystemClock_Config                     0x0800203c   Section        0  main.o(i.SystemClock_Config)
    i.SystemInit                             0x080020d8   Section        0  system_stm32f4xx.o(i.SystemInit)
    i.TIM1_UP_TIM10_IRQHandler               0x0800212c   Section        0  stm32f4xx_it.o(i.TIM1_UP_TIM10_IRQHandler)
    i.TIM_Base_SetConfig                     0x08002138   Section        0  stm32f4xx_hal_tim.o(i.TIM_Base_SetConfig)
    i.USBD_CDC_DataIn                        0x080021f8   Section        0  usbd_cdc.o(i.USBD_CDC_DataIn)
    USBD_CDC_DataIn                          0x080021f9   Thumb Code    20  usbd_cdc.o(i.USBD_CDC_DataIn)
    i.USBD_CDC_DataOut                       0x0800220c   Section        0  usbd_cdc.o(i.USBD_CDC_DataOut)
    USBD_CDC_DataOut                         0x0800220d   Thumb Code    46  usbd_cdc.o(i.USBD_CDC_DataOut)
    i.USBD_CDC_DeInit                        0x0800223a   Section        0  usbd_cdc.o(i.USBD_CDC_DeInit)
    USBD_CDC_DeInit                          0x0800223b   Thumb Code    60  usbd_cdc.o(i.USBD_CDC_DeInit)
    i.USBD_CDC_EP0_RxReady                   0x08002276   Section        0  usbd_cdc.o(i.USBD_CDC_EP0_RxReady)
    USBD_CDC_EP0_RxReady                     0x08002277   Thumb Code    36  usbd_cdc.o(i.USBD_CDC_EP0_RxReady)
    i.USBD_CDC_GetDeviceQualifierDescriptor  0x0800229c   Section        0  usbd_cdc.o(i.USBD_CDC_GetDeviceQualifierDescriptor)
    i.USBD_CDC_GetFSCfgDesc                  0x080022a8   Section        0  usbd_cdc.o(i.USBD_CDC_GetFSCfgDesc)
    USBD_CDC_GetFSCfgDesc                    0x080022a9   Thumb Code     8  usbd_cdc.o(i.USBD_CDC_GetFSCfgDesc)
    i.USBD_CDC_GetHSCfgDesc                  0x080022b4   Section        0  usbd_cdc.o(i.USBD_CDC_GetHSCfgDesc)
    USBD_CDC_GetHSCfgDesc                    0x080022b5   Thumb Code     8  usbd_cdc.o(i.USBD_CDC_GetHSCfgDesc)
    i.USBD_CDC_GetOtherSpeedCfgDesc          0x080022c0   Section        0  usbd_cdc.o(i.USBD_CDC_GetOtherSpeedCfgDesc)
    USBD_CDC_GetOtherSpeedCfgDesc            0x080022c1   Thumb Code     8  usbd_cdc.o(i.USBD_CDC_GetOtherSpeedCfgDesc)
    i.USBD_CDC_Init                          0x080022cc   Section        0  usbd_cdc.o(i.USBD_CDC_Init)
    USBD_CDC_Init                            0x080022cd   Thumb Code   136  usbd_cdc.o(i.USBD_CDC_Init)
    i.USBD_CDC_ReceivePacket                 0x08002354   Section        0  usbd_cdc.o(i.USBD_CDC_ReceivePacket)
    i.USBD_CDC_RegisterInterface             0x0800237c   Section        0  usbd_cdc.o(i.USBD_CDC_RegisterInterface)
    i.USBD_CDC_SetRxBuffer                   0x0800238c   Section        0  usbd_cdc.o(i.USBD_CDC_SetRxBuffer)
    i.USBD_CDC_SetTxBuffer                   0x08002398   Section        0  usbd_cdc.o(i.USBD_CDC_SetTxBuffer)
    i.USBD_CDC_Setup                         0x080023a8   Section        0  usbd_cdc.o(i.USBD_CDC_Setup)
    USBD_CDC_Setup                           0x080023a9   Thumb Code   106  usbd_cdc.o(i.USBD_CDC_Setup)
    i.USBD_CDC_TransmitPacket                0x08002418   Section        0  usbd_cdc.o(i.USBD_CDC_TransmitPacket)
    i.USBD_ClrClassConfig                    0x08002448   Section        0  usbd_core.o(i.USBD_ClrClassConfig)
    i.USBD_CtlContinueRx                     0x08002456   Section        0  usbd_ioreq.o(i.USBD_CtlContinueRx)
    i.USBD_CtlContinueSendData               0x08002466   Section        0  usbd_ioreq.o(i.USBD_CtlContinueSendData)
    i.USBD_CtlError                          0x08002476   Section        0  usbd_ctlreq.o(i.USBD_CtlError)
    i.USBD_CtlPrepareRx                      0x0800248c   Section        0  usbd_ioreq.o(i.USBD_CtlPrepareRx)
    i.USBD_CtlReceiveStatus                  0x080024aa   Section        0  usbd_ioreq.o(i.USBD_CtlReceiveStatus)
    i.USBD_CtlSendData                       0x080024c0   Section        0  usbd_ioreq.o(i.USBD_CtlSendData)
    i.USBD_CtlSendStatus                     0x080024da   Section        0  usbd_ioreq.o(i.USBD_CtlSendStatus)
    i.USBD_FS_ConfigStrDescriptor            0x080024f0   Section        0  usbd_desc.o(i.USBD_FS_ConfigStrDescriptor)
    i.USBD_FS_DeviceDescriptor               0x08002510   Section        0  usbd_desc.o(i.USBD_FS_DeviceDescriptor)
    i.USBD_FS_InterfaceStrDescriptor         0x0800251c   Section        0  usbd_desc.o(i.USBD_FS_InterfaceStrDescriptor)
    i.USBD_FS_LangIDStrDescriptor            0x08002540   Section        0  usbd_desc.o(i.USBD_FS_LangIDStrDescriptor)
    i.USBD_FS_ManufacturerStrDescriptor      0x0800254c   Section        0  usbd_desc.o(i.USBD_FS_ManufacturerStrDescriptor)
    i.USBD_FS_ProductStrDescriptor           0x08002574   Section        0  usbd_desc.o(i.USBD_FS_ProductStrDescriptor)
    i.USBD_FS_SerialStrDescriptor            0x080025a0   Section        0  usbd_desc.o(i.USBD_FS_SerialStrDescriptor)
    i.USBD_GetDescriptor                     0x080025c4   Section        0  usbd_ctlreq.o(i.USBD_GetDescriptor)
    USBD_GetDescriptor                       0x080025c5   Thumb Code   224  usbd_ctlreq.o(i.USBD_GetDescriptor)
    i.USBD_GetString                         0x080026a4   Section        0  usbd_ctlreq.o(i.USBD_GetString)
    i.USBD_Init                              0x080026ea   Section        0  usbd_core.o(i.USBD_Init)
    i.USBD_LL_ClearStallEP                   0x08002714   Section        0  usbd_conf.o(i.USBD_LL_ClearStallEP)
    i.USBD_LL_CloseEP                        0x08002722   Section        0  usbd_conf.o(i.USBD_LL_CloseEP)
    i.USBD_LL_DataInStage                    0x08002730   Section        0  usbd_core.o(i.USBD_LL_DataInStage)
    i.USBD_LL_DataOutStage                   0x080027da   Section        0  usbd_core.o(i.USBD_LL_DataOutStage)
    i.USBD_LL_DevConnected                   0x08002844   Section        0  usbd_core.o(i.USBD_LL_DevConnected)
    i.USBD_LL_DevDisconnected                0x08002848   Section        0  usbd_core.o(i.USBD_LL_DevDisconnected)
    i.USBD_LL_GetRxDataSize                  0x0800285e   Section        0  usbd_conf.o(i.USBD_LL_GetRxDataSize)
    i.USBD_LL_Init                           0x08002868   Section        0  usbd_conf.o(i.USBD_LL_Init)
    i.USBD_LL_IsStallEP                      0x080028cc   Section        0  usbd_conf.o(i.USBD_LL_IsStallEP)
    i.USBD_LL_IsoINIncomplete                0x080028ec   Section        0  usbd_core.o(i.USBD_LL_IsoINIncomplete)
    i.USBD_LL_IsoOUTIncomplete               0x080028f0   Section        0  usbd_core.o(i.USBD_LL_IsoOUTIncomplete)
    i.USBD_LL_OpenEP                         0x080028f4   Section        0  usbd_conf.o(i.USBD_LL_OpenEP)
    i.USBD_LL_PrepareReceive                 0x08002908   Section        0  usbd_conf.o(i.USBD_LL_PrepareReceive)
    i.USBD_LL_Reset                          0x08002916   Section        0  usbd_core.o(i.USBD_LL_Reset)
    i.USBD_LL_Resume                         0x08002954   Section        0  usbd_core.o(i.USBD_LL_Resume)
    i.USBD_LL_SOF                            0x08002960   Section        0  usbd_core.o(i.USBD_LL_SOF)
    i.USBD_LL_SetSpeed                       0x08002978   Section        0  usbd_core.o(i.USBD_LL_SetSpeed)
    i.USBD_LL_SetUSBAddress                  0x0800297e   Section        0  usbd_conf.o(i.USBD_LL_SetUSBAddress)
    i.USBD_LL_SetupStage                     0x0800298c   Section        0  usbd_core.o(i.USBD_LL_SetupStage)
    i.USBD_LL_StallEP                        0x080029e6   Section        0  usbd_conf.o(i.USBD_LL_StallEP)
    i.USBD_LL_Start                          0x080029f4   Section        0  usbd_conf.o(i.USBD_LL_Start)
    i.USBD_LL_Suspend                        0x08002a02   Section        0  usbd_core.o(i.USBD_LL_Suspend)
    i.USBD_LL_Transmit                       0x08002a14   Section        0  usbd_conf.o(i.USBD_LL_Transmit)
    i.USBD_ParseSetupRequest                 0x08002a22   Section        0  usbd_ctlreq.o(i.USBD_ParseSetupRequest)
    i.USBD_RegisterClass                     0x08002a4a   Section        0  usbd_core.o(i.USBD_RegisterClass)
    i.USBD_SetClassConfig                    0x08002a5a   Section        0  usbd_core.o(i.USBD_SetClassConfig)
    i.USBD_SetConfig                         0x08002a70   Section        0  usbd_ctlreq.o(i.USBD_SetConfig)
    USBD_SetConfig                           0x08002a71   Thumb Code   110  usbd_ctlreq.o(i.USBD_SetConfig)
    i.USBD_Start                             0x08002ae4   Section        0  usbd_core.o(i.USBD_Start)
    i.USBD_StdDevReq                         0x08002aee   Section        0  usbd_ctlreq.o(i.USBD_StdDevReq)
    i.USBD_StdEPReq                          0x08002be0   Section        0  usbd_ctlreq.o(i.USBD_StdEPReq)
    i.USBD_StdItfReq                         0x08002cbc   Section        0  usbd_ctlreq.o(i.USBD_StdItfReq)
    i.USB_ActivateEndpoint                   0x08002cf0   Section        0  stm32f4xx_ll_usb.o(i.USB_ActivateEndpoint)
    i.USB_ActivateSetup                      0x08002d70   Section        0  stm32f4xx_ll_usb.o(i.USB_ActivateSetup)
    i.USB_CoreInit                           0x08002da4   Section        0  stm32f4xx_ll_usb.o(i.USB_CoreInit)
    i.USB_CoreReset                          0x08002e08   Section        0  stm32f4xx_ll_usb.o(i.USB_CoreReset)
    USB_CoreReset                            0x08002e09   Thumb Code    50  stm32f4xx_ll_usb.o(i.USB_CoreReset)
    i.USB_DeactivateEndpoint                 0x08002e40   Section        0  stm32f4xx_ll_usb.o(i.USB_DeactivateEndpoint)
    i.USB_DevConnect                         0x08002eae   Section        0  stm32f4xx_ll_usb.o(i.USB_DevConnect)
    i.USB_DevDisconnect                      0x08002ec6   Section        0  stm32f4xx_ll_usb.o(i.USB_DevDisconnect)
    i.USB_DevInit                            0x08002ee0   Section        0  stm32f4xx_ll_usb.o(i.USB_DevInit)
    i.USB_DisableGlobalInt                   0x08003024   Section        0  stm32f4xx_ll_usb.o(i.USB_DisableGlobalInt)
    i.USB_EP0StartXfer                       0x08003030   Section        0  stm32f4xx_ll_usb.o(i.USB_EP0StartXfer)
    i.USB_EP0_OutStart                       0x08003170   Section        0  stm32f4xx_ll_usb.o(i.USB_EP0_OutStart)
    i.USB_EPClearStall                       0x080031ae   Section        0  stm32f4xx_ll_usb.o(i.USB_EPClearStall)
    i.USB_EPSetStall                         0x08003212   Section        0  stm32f4xx_ll_usb.o(i.USB_EPSetStall)
    i.USB_EPStartXfer                        0x08003270   Section        0  stm32f4xx_ll_usb.o(i.USB_EPStartXfer)
    i.USB_EnableGlobalInt                    0x0800348c   Section        0  stm32f4xx_ll_usb.o(i.USB_EnableGlobalInt)
    i.USB_FlushRxFifo                        0x08003498   Section        0  stm32f4xx_ll_usb.o(i.USB_FlushRxFifo)
    i.USB_FlushTxFifo                        0x080034b8   Section        0  stm32f4xx_ll_usb.o(i.USB_FlushTxFifo)
    i.USB_GetDevSpeed                        0x080034dc   Section        0  stm32f4xx_ll_usb.o(i.USB_GetDevSpeed)
    i.USB_GetMode                            0x08003518   Section        0  stm32f4xx_ll_usb.o(i.USB_GetMode)
    i.USB_ReadDevAllInEpInterrupt            0x08003520   Section        0  stm32f4xx_ll_usb.o(i.USB_ReadDevAllInEpInterrupt)
    i.USB_ReadDevAllOutEpInterrupt           0x0800352e   Section        0  stm32f4xx_ll_usb.o(i.USB_ReadDevAllOutEpInterrupt)
    i.USB_ReadDevInEPInterrupt               0x0800353c   Section        0  stm32f4xx_ll_usb.o(i.USB_ReadDevInEPInterrupt)
    i.USB_ReadDevOutEPInterrupt              0x0800355a   Section        0  stm32f4xx_ll_usb.o(i.USB_ReadDevOutEPInterrupt)
    i.USB_ReadInterrupts                     0x0800356a   Section        0  stm32f4xx_ll_usb.o(i.USB_ReadInterrupts)
    i.USB_ReadPacket                         0x08003572   Section        0  stm32f4xx_ll_usb.o(i.USB_ReadPacket)
    i.USB_SetCurrentMode                     0x08003592   Section        0  stm32f4xx_ll_usb.o(i.USB_SetCurrentMode)
    i.USB_SetDevAddress                      0x080035be   Section        0  stm32f4xx_ll_usb.o(i.USB_SetDevAddress)
    i.USB_WritePacket                        0x080035e0   Section        0  stm32f4xx_ll_usb.o(i.USB_WritePacket)
    i.UsageFault_Handler                     0x08003608   Section        0  stm32f4xx_it.o(i.UsageFault_Handler)
    i.__scatterload_copy                     0x0800360a   Section       14  handlers.o(i.__scatterload_copy)
    i.__scatterload_null                     0x08003618   Section        2  handlers.o(i.__scatterload_null)
    i.__scatterload_zeroinit                 0x0800361a   Section       14  handlers.o(i.__scatterload_zeroinit)
    i.free                                   0x08003628   Section        0  malloc.o(i.free)
    i.main                                   0x08003678   Section        0  main.o(i.main)
    i.makeFreeRtosPriority                   0x080036ec   Section        0  cmsis_os.o(i.makeFreeRtosPriority)
    makeFreeRtosPriority                     0x080036ed   Thumb Code    12  cmsis_os.o(i.makeFreeRtosPriority)
    i.malloc                                 0x080036f8   Section        0  malloc.o(i.malloc)
    i.map                                    0x08003764   Section        0  main.o(i.map)
    i.osDelay                                0x08003778   Section        0  cmsis_os.o(i.osDelay)
    i.osKernelStart                          0x08003786   Section        0  cmsis_os.o(i.osKernelStart)
    i.osSystickHandler                       0x08003790   Section        0  cmsis_os.o(i.osSystickHandler)
    i.osThreadCreate                         0x080037a4   Section        0  cmsis_os.o(i.osThreadCreate)
    i.prvAddCurrentTaskToDelayedList         0x080037dc   Section        0  tasks.o(i.prvAddCurrentTaskToDelayedList)
    prvAddCurrentTaskToDelayedList           0x080037dd   Thumb Code    48  tasks.o(i.prvAddCurrentTaskToDelayedList)
    i.prvCheckTasksWaitingTermination        0x08003810   Section        0  tasks.o(i.prvCheckTasksWaitingTermination)
    prvCheckTasksWaitingTermination          0x08003811   Thumb Code    76  tasks.o(i.prvCheckTasksWaitingTermination)
    i.prvHeapInit                            0x08003864   Section        0  heap_4.o(i.prvHeapInit)
    prvHeapInit                              0x08003865   Thumb Code    66  heap_4.o(i.prvHeapInit)
    i.prvIdleTask                            0x080038b0   Section        0  tasks.o(i.prvIdleTask)
    prvIdleTask                              0x080038b1   Thumb Code    30  tasks.o(i.prvIdleTask)
    i.prvInsertBlockIntoFreeList             0x080038d8   Section        0  heap_4.o(i.prvInsertBlockIntoFreeList)
    prvInsertBlockIntoFreeList               0x080038d9   Thumb Code    72  heap_4.o(i.prvInsertBlockIntoFreeList)
    i.prvResetNextTaskUnblockTime            0x08003924   Section        0  tasks.o(i.prvResetNextTaskUnblockTime)
    prvResetNextTaskUnblockTime              0x08003925   Thumb Code    26  tasks.o(i.prvResetNextTaskUnblockTime)
    i.prvTaskExitError                       0x08003944   Section        0  port.o(i.prvTaskExitError)
    prvTaskExitError                         0x08003945   Thumb Code    36  port.o(i.prvTaskExitError)
    i.pvPortMalloc                           0x0800396c   Section        0  heap_4.o(i.pvPortMalloc)
    i.pxPortInitialiseStack                  0x08003a44   Section        0  port.o(i.pxPortInitialiseStack)
    i.uxListRemove                           0x08003a6c   Section        0  list.o(i.uxListRemove)
    i.vListInitialise                        0x08003a90   Section        0  list.o(i.vListInitialise)
    i.vListInitialiseItem                    0x08003aa6   Section        0  list.o(i.vListInitialiseItem)
    i.vListInsert                            0x08003aac   Section        0  list.o(i.vListInsert)
    i.vListInsertEnd                         0x08003adc   Section        0  list.o(i.vListInsertEnd)
    i.vPortEnterCritical                     0x08003af4   Section        0  port.o(i.vPortEnterCritical)
    i.vPortExitCritical                      0x08003b34   Section        0  port.o(i.vPortExitCritical)
    i.vPortFree                              0x08003b5c   Section        0  heap_4.o(i.vPortFree)
    i.vPortSetupTimerInterrupt               0x08003bb8   Section        0  port.o(i.vPortSetupTimerInterrupt)
    i.vTaskDelay                             0x08003bd8   Section        0  tasks.o(i.vTaskDelay)
    i.vTaskStartScheduler                    0x08003c40   Section        0  tasks.o(i.vTaskStartScheduler)
    i.vTaskSuspendAll                        0x08003ca8   Section        0  tasks.o(i.vTaskSuspendAll)
    i.vTaskSwitchContext                     0x08003cb8   Section        0  tasks.o(i.vTaskSwitchContext)
    i.xPortStartScheduler                    0x08003d14   Section        0  port.o(i.xPortStartScheduler)
    i.xPortSysTickHandler                    0x08003df4   Section        0  port.o(i.xPortSysTickHandler)
    i.xTaskGenericCreate                     0x08003e20   Section        0  tasks.o(i.xTaskGenericCreate)
    i.xTaskGetSchedulerState                 0x08003fdc   Section        0  tasks.o(i.xTaskGetSchedulerState)
    i.xTaskIncrementTick                     0x08003ff8   Section        0  tasks.o(i.xTaskIncrementTick)
    i.xTaskResumeAll                         0x080040c4   Section        0  tasks.o(i.xTaskResumeAll)
    .constdata                               0x08004188   Section       20  main.o(.constdata)
    .constdata                               0x0800419c   Section       16  stm32f4xx_hal_rcc.o(.constdata)
    .conststring                             0x080041ac   Section       12  main.o(.conststring)
    .data                                    0x20000000   Section      219  usbd_cdc.o(.data)
    ifalt                                    0x20000000   Data           1  usbd_cdc.o(.data)
    USBD_CDC_DeviceQualifierDesc             0x20000004   Data          10  usbd_cdc.o(.data)
    .data                                    0x200000dc   Section       56  usbd_cdc.o(.data)
    .data                                    0x20000114   Section        1  usbd_ctlreq.o(.data)
    cfgidx                                   0x20000114   Data           1  usbd_ctlreq.o(.data)
    .data                                    0x20000118   Section       16  main.o(.data)
    .data                                    0x20000128   Section       28  usbd_desc.o(.data)
    .data                                    0x20000144   Section       22  usbd_desc.o(.data)
    .data                                    0x2000015a   Section        1  usbd_cdc_if.o(.data)
    .data                                    0x2000015c   Section       16  usbd_cdc_if.o(.data)
    .data                                    0x2000016c   Section        4  stm32f4xx_hal.o(.data)
    .data                                    0x20000170   Section       56  tasks.o(.data)
    uxTasksDeleted                           0x20000174   Data           4  tasks.o(.data)
    uxCurrentNumberOfTasks                   0x20000178   Data           4  tasks.o(.data)
    xTickCount                               0x2000017c   Data           4  tasks.o(.data)
    uxTopReadyPriority                       0x20000180   Data           4  tasks.o(.data)
    xSchedulerRunning                        0x20000184   Data           4  tasks.o(.data)
    uxPendedTicks                            0x20000188   Data           4  tasks.o(.data)
    xYieldPending                            0x2000018c   Data           4  tasks.o(.data)
    xNumOfOverflows                          0x20000190   Data           4  tasks.o(.data)
    uxTaskNumber                             0x20000194   Data           4  tasks.o(.data)
    xNextTaskUnblockTime                     0x20000198   Data           4  tasks.o(.data)
    uxSchedulerSuspended                     0x2000019c   Data           4  tasks.o(.data)
    pxDelayedTaskList                        0x200001a0   Data           4  tasks.o(.data)
    pxOverflowDelayedTaskList                0x200001a4   Data           4  tasks.o(.data)
    .data                                    0x200001a8   Section       12  port.o(.data)
    ucMaxSysCallPriority                     0x200001a8   Data           1  port.o(.data)
    uxCriticalNesting                        0x200001ac   Data           4  port.o(.data)
    ulMaxPRIGROUPValue                       0x200001b0   Data           4  port.o(.data)
    .data                                    0x200001b4   Section       24  heap_4.o(.data)
    pxEnd                                    0x200001b4   Data           4  heap_4.o(.data)
    xFreeBytesRemaining                      0x200001b8   Data           4  heap_4.o(.data)
    xMinimumEverFreeBytesRemaining           0x200001bc   Data           4  heap_4.o(.data)
    xBlockAllocatedBit                       0x200001c0   Data           4  heap_4.o(.data)
    xStart                                   0x200001c4   Data           8  heap_4.o(.data)
    .data                                    0x200001cc   Section        4  system_stm32f4xx.o(.data)
    .data                                    0x200001d0   Section        4  mvars.o(.data)
    .data                                    0x200001d4   Section        4  mvars.o(.data)
    .bss                                     0x200001d8   Section       64  main.o(.bss)
    .bss                                     0x20000218   Section      108  main.o(.bss)
    .bss                                     0x20000284   Section      512  usbd_desc.o(.bss)
    .bss                                     0x20000484   Section      548  usb_device.o(.bss)
    .bss                                     0x200006a8   Section      128  usbd_cdc_if.o(.bss)
    .bss                                     0x20000728   Section      952  usbd_conf.o(.bss)
    .bss                                     0x20000ae0   Section       60  stm32f4xx_hal_timebase_tim.o(.bss)
    .bss                                     0x20000b1c   Section      240  tasks.o(.bss)
    pxReadyTasksLists                        0x20000b1c   Data         140  tasks.o(.bss)
    xDelayedTaskList1                        0x20000ba8   Data          20  tasks.o(.bss)
    xDelayedTaskList2                        0x20000bbc   Data          20  tasks.o(.bss)
    xPendingReadyList                        0x20000bd0   Data          20  tasks.o(.bss)
    xTasksWaitingTermination                 0x20000be4   Data          20  tasks.o(.bss)
    xSuspendedTaskList                       0x20000bf8   Data          20  tasks.o(.bss)
    .bss                                     0x20000c0c   Section    15360  heap_4.o(.bss)
    ucHeap                                   0x20000c0c   Data       15360  heap_4.o(.bss)
    HEAP                                     0x20004810   Section     8192  startup_stm32f407xx.o(HEAP)
    STACK                                    0x20006810   Section    16384  startup_stm32f407xx.o(STACK)

    Global Symbols

    Symbol Name                              Value     Ov Type        Size  Object(Section)

    BuildAttributes$$THM_ISAv4$E$P$D$K$B$S$7EM$VFPi3$EXTD16$VFPS$VFMA$PE$A:L22UL41UL21$X:L11$S22US41US21$IEEE1$IW$USESV6$~STKCKD$USESV7$~SHL$OSPACE$EBA8$MICROLIB$REQ8$PRES8$EABIv2 0x00000000   Number         0  anon$$obj.o ABSOLUTE
    __ARM_use_no_argv                        0x00000000   Number         0  main.o ABSOLUTE
    __cpp_initialize__aeabi_                  - Undefined Weak Reference
    __cxa_finalize                            - Undefined Weak Reference
    _clock_init                               - Undefined Weak Reference
    _microlib_exit                            - Undefined Weak Reference
    __Vectors_Size                           0x00000188   Number         0  startup_stm32f407xx.o ABSOLUTE
    __Vectors                                0x08000000   Data           4  startup_stm32f407xx.o(RESET)
    __Vectors_End                            0x08000188   Data           0  startup_stm32f407xx.o(RESET)
    __main                                   0x08000189   Thumb Code     0  entry.o(.ARM.Collect$$$$00000000)
    _main_stk                                0x08000189   Thumb Code     0  entry2.o(.ARM.Collect$$$$00000001)
    _main_scatterload                        0x0800018d   Thumb Code     0  entry5.o(.ARM.Collect$$$$00000004)
    __main_after_scatterload                 0x08000191   Thumb Code     0  entry5.o(.ARM.Collect$$$$00000004)
    _main_clock                              0x08000191   Thumb Code     0  entry7b.o(.ARM.Collect$$$$00000008)
    _main_cpp_init                           0x08000191   Thumb Code     0  entry8b.o(.ARM.Collect$$$$0000000A)
    _main_init                               0x08000191   Thumb Code     0  entry9a.o(.ARM.Collect$$$$0000000B)
    __rt_final_cpp                           0x08000199   Thumb Code     0  entry10a.o(.ARM.Collect$$$$0000000D)
    __rt_final_exit                          0x08000199   Thumb Code     0  entry11a.o(.ARM.Collect$$$$0000000F)
    SVC_Handler                              0x0800019d   Thumb Code    28  port.o(.emb_text)
    __asm___6_port_c_39a90d8d__prvStartFirstTask 0x080001bd   Thumb Code    28  port.o(.emb_text)
    __asm___6_port_c_39a90d8d__prvEnableVFP  0x080001dd   Thumb Code    16  port.o(.emb_text)
    PendSV_Handler                           0x080001f1   Thumb Code    92  port.o(.emb_text)
    vPortGetIPSR                             0x08000251   Thumb Code     6  port.o(.emb_text)
    Reset_Handler                            0x08000259   Thumb Code     8  startup_stm32f407xx.o(.text)
    ADC_IRQHandler                           0x08000273   Thumb Code     0  startup_stm32f407xx.o(.text)
    CAN1_RX0_IRQHandler                      0x08000273   Thumb Code     0  startup_stm32f407xx.o(.text)
    CAN1_RX1_IRQHandler                      0x08000273   Thumb Code     0  startup_stm32f407xx.o(.text)
    CAN1_SCE_IRQHandler                      0x08000273   Thumb Code     0  startup_stm32f407xx.o(.text)
    CAN1_TX_IRQHandler                       0x08000273   Thumb Code     0  startup_stm32f407xx.o(.text)
    CAN2_RX0_IRQHandler                      0x08000273   Thumb Code     0  startup_stm32f407xx.o(.text)
    CAN2_RX1_IRQHandler                      0x08000273   Thumb Code     0  startup_stm32f407xx.o(.text)
    CAN2_SCE_IRQHandler                      0x08000273   Thumb Code     0  startup_stm32f407xx.o(.text)
    CAN2_TX_IRQHandler                       0x08000273   Thumb Code     0  startup_stm32f407xx.o(.text)
    DCMI_IRQHandler                          0x08000273   Thumb Code     0  startup_stm32f407xx.o(.text)
    DMA1_Stream0_IRQHandler                  0x08000273   Thumb Code     0  startup_stm32f407xx.o(.text)
    DMA1_Stream1_IRQHandler                  0x08000273   Thumb Code     0  startup_stm32f407xx.o(.text)
    DMA1_Stream2_IRQHandler                  0x08000273   Thumb Code     0  startup_stm32f407xx.o(.text)
    DMA1_Stream3_IRQHandler                  0x08000273   Thumb Code     0  startup_stm32f407xx.o(.text)
    DMA1_Stream4_IRQHandler                  0x08000273   Thumb Code     0  startup_stm32f407xx.o(.text)
    DMA1_Stream5_IRQHandler                  0x08000273   Thumb Code     0  startup_stm32f407xx.o(.text)
    DMA1_Stream6_IRQHandler                  0x08000273   Thumb Code     0  startup_stm32f407xx.o(.text)
    DMA1_Stream7_IRQHandler                  0x08000273   Thumb Code     0  startup_stm32f407xx.o(.text)
    DMA2_Stream0_IRQHandler                  0x08000273   Thumb Code     0  startup_stm32f407xx.o(.text)
    DMA2_Stream1_IRQHandler                  0x08000273   Thumb Code     0  startup_stm32f407xx.o(.text)
    DMA2_Stream2_IRQHandler                  0x08000273   Thumb Code     0  startup_stm32f407xx.o(.text)
    DMA2_Stream3_IRQHandler                  0x08000273   Thumb Code     0  startup_stm32f407xx.o(.text)
    DMA2_Stream4_IRQHandler                  0x08000273   Thumb Code     0  startup_stm32f407xx.o(.text)
    DMA2_Stream5_IRQHandler                  0x08000273   Thumb Code     0  startup_stm32f407xx.o(.text)
    DMA2_Stream6_IRQHandler                  0x08000273   Thumb Code     0  startup_stm32f407xx.o(.text)
    DMA2_Stream7_IRQHandler                  0x08000273   Thumb Code     0  startup_stm32f407xx.o(.text)
    ETH_IRQHandler                           0x08000273   Thumb Code     0  startup_stm32f407xx.o(.text)
    ETH_WKUP_IRQHandler                      0x08000273   Thumb Code     0  startup_stm32f407xx.o(.text)
    EXTI0_IRQHandler                         0x08000273   Thumb Code     0  startup_stm32f407xx.o(.text)
    EXTI15_10_IRQHandler                     0x08000273   Thumb Code     0  startup_stm32f407xx.o(.text)
    EXTI1_IRQHandler                         0x08000273   Thumb Code     0  startup_stm32f407xx.o(.text)
    EXTI2_IRQHandler                         0x08000273   Thumb Code     0  startup_stm32f407xx.o(.text)
    EXTI3_IRQHandler                         0x08000273   Thumb Code     0  startup_stm32f407xx.o(.text)
    EXTI4_IRQHandler                         0x08000273   Thumb Code     0  startup_stm32f407xx.o(.text)
    EXTI9_5_IRQHandler                       0x08000273   Thumb Code     0  startup_stm32f407xx.o(.text)
    FLASH_IRQHandler                         0x08000273   Thumb Code     0  startup_stm32f407xx.o(.text)
    FMC_IRQHandler                           0x08000273   Thumb Code     0  startup_stm32f407xx.o(.text)
    FPU_IRQHandler                           0x08000273   Thumb Code     0  startup_stm32f407xx.o(.text)
    HASH_RNG_IRQHandler                      0x08000273   Thumb Code     0  startup_stm32f407xx.o(.text)
    I2C1_ER_IRQHandler                       0x08000273   Thumb Code     0  startup_stm32f407xx.o(.text)
    I2C1_EV_IRQHandler                       0x08000273   Thumb Code     0  startup_stm32f407xx.o(.text)
    I2C2_ER_IRQHandler                       0x08000273   Thumb Code     0  startup_stm32f407xx.o(.text)
    I2C2_EV_IRQHandler                       0x08000273   Thumb Code     0  startup_stm32f407xx.o(.text)
    I2C3_ER_IRQHandler                       0x08000273   Thumb Code     0  startup_stm32f407xx.o(.text)
    I2C3_EV_IRQHandler                       0x08000273   Thumb Code     0  startup_stm32f407xx.o(.text)
    OTG_FS_WKUP_IRQHandler                   0x08000273   Thumb Code     0  startup_stm32f407xx.o(.text)
    OTG_HS_EP1_IN_IRQHandler                 0x08000273   Thumb Code     0  startup_stm32f407xx.o(.text)
    OTG_HS_EP1_OUT_IRQHandler                0x08000273   Thumb Code     0  startup_stm32f407xx.o(.text)
    OTG_HS_IRQHandler                        0x08000273   Thumb Code     0  startup_stm32f407xx.o(.text)
    OTG_HS_WKUP_IRQHandler                   0x08000273   Thumb Code     0  startup_stm32f407xx.o(.text)
    PVD_IRQHandler                           0x08000273   Thumb Code     0  startup_stm32f407xx.o(.text)
    RCC_IRQHandler                           0x08000273   Thumb Code     0  startup_stm32f407xx.o(.text)
    RTC_Alarm_IRQHandler                     0x08000273   Thumb Code     0  startup_stm32f407xx.o(.text)
    RTC_WKUP_IRQHandler                      0x08000273   Thumb Code     0  startup_stm32f407xx.o(.text)
    SDIO_IRQHandler                          0x08000273   Thumb Code     0  startup_stm32f407xx.o(.text)
    SPI1_IRQHandler                          0x08000273   Thumb Code     0  startup_stm32f407xx.o(.text)
    SPI2_IRQHandler                          0x08000273   Thumb Code     0  startup_stm32f407xx.o(.text)
    SPI3_IRQHandler                          0x08000273   Thumb Code     0  startup_stm32f407xx.o(.text)
    TAMP_STAMP_IRQHandler                    0x08000273   Thumb Code     0  startup_stm32f407xx.o(.text)
    TIM1_BRK_TIM9_IRQHandler                 0x08000273   Thumb Code     0  startup_stm32f407xx.o(.text)
    TIM1_CC_IRQHandler                       0x08000273   Thumb Code     0  startup_stm32f407xx.o(.text)
    TIM1_TRG_COM_TIM11_IRQHandler            0x08000273   Thumb Code     0  startup_stm32f407xx.o(.text)
    TIM2_IRQHandler                          0x08000273   Thumb Code     0  startup_stm32f407xx.o(.text)
    TIM3_IRQHandler                          0x08000273   Thumb Code     0  startup_stm32f407xx.o(.text)
    TIM4_IRQHandler                          0x08000273   Thumb Code     0  startup_stm32f407xx.o(.text)
    TIM5_IRQHandler                          0x08000273   Thumb Code     0  startup_stm32f407xx.o(.text)
    TIM6_DAC_IRQHandler                      0x08000273   Thumb Code     0  startup_stm32f407xx.o(.text)
    TIM7_IRQHandler                          0x08000273   Thumb Code     0  startup_stm32f407xx.o(.text)
    TIM8_BRK_TIM12_IRQHandler                0x08000273   Thumb Code     0  startup_stm32f407xx.o(.text)
    TIM8_CC_IRQHandler                       0x08000273   Thumb Code     0  startup_stm32f407xx.o(.text)
    TIM8_TRG_COM_TIM14_IRQHandler            0x08000273   Thumb Code     0  startup_stm32f407xx.o(.text)
    TIM8_UP_TIM13_IRQHandler                 0x08000273   Thumb Code     0  startup_stm32f407xx.o(.text)
    UART4_IRQHandler                         0x08000273   Thumb Code     0  startup_stm32f407xx.o(.text)
    UART5_IRQHandler                         0x08000273   Thumb Code     0  startup_stm32f407xx.o(.text)
    USART1_IRQHandler                        0x08000273   Thumb Code     0  startup_stm32f407xx.o(.text)
    USART2_IRQHandler                        0x08000273   Thumb Code     0  startup_stm32f407xx.o(.text)
    USART3_IRQHandler                        0x08000273   Thumb Code     0  startup_stm32f407xx.o(.text)
    USART6_IRQHandler                        0x08000273   Thumb Code     0  startup_stm32f407xx.o(.text)
    WWDG_IRQHandler                          0x08000273   Thumb Code     0  startup_stm32f407xx.o(.text)
    __aeabi_memcpy                           0x0800027d   Thumb Code    36  memcpya.o(.text)
    __aeabi_memcpy4                          0x0800027d   Thumb Code     0  memcpya.o(.text)
    __aeabi_memcpy8                          0x0800027d   Thumb Code     0  memcpya.o(.text)
    __aeabi_memset                           0x080002a1   Thumb Code    14  memseta.o(.text)
    __aeabi_memset4                          0x080002a1   Thumb Code     0  memseta.o(.text)
    __aeabi_memset8                          0x080002a1   Thumb Code     0  memseta.o(.text)
    __aeabi_memclr                           0x080002af   Thumb Code     4  memseta.o(.text)
    __aeabi_memclr4                          0x080002af   Thumb Code     0  memseta.o(.text)
    __aeabi_memclr8                          0x080002af   Thumb Code     0  memseta.o(.text)
    _memset$wrapper                          0x080002b3   Thumb Code    18  memseta.o(.text)
    strlen                                   0x080002c5   Thumb Code    14  strlen.o(.text)
    __scatterload                            0x080002d5   Thumb Code    28  init.o(.text)
    __scatterload_rt2                        0x080002d5   Thumb Code     0  init.o(.text)
    __decompress                             0x080002f9   Thumb Code     0  __dczerorl2.o(.text)
    __decompress1                            0x080002f9   Thumb Code    86  __dczerorl2.o(.text)
    BusFault_Handler                         0x0800034f   Thumb Code     2  stm32f4xx_it.o(i.BusFault_Handler)
    CDC_Transmit_FS                          0x080003b5   Thumb Code    52  usbd_cdc_if.o(i.CDC_Transmit_FS)
    DebugMon_Handler                         0x080003f1   Thumb Code     2  stm32f4xx_it.o(i.DebugMon_Handler)
    Error_Handler                            0x080003f3   Thumb Code     2  main.o(i.Error_Handler)
    HAL_Delay                                0x080003f5   Thumb Code    22  stm32f4xx_hal.o(i.HAL_Delay)
    HAL_GPIO_Init                            0x0800040d   Thumb Code   398  stm32f4xx_hal_gpio.o(i.HAL_GPIO_Init)
    HAL_GPIO_WritePin                        0x080005cd   Thumb Code    10  stm32f4xx_hal_gpio.o(i.HAL_GPIO_WritePin)
    HAL_GetTick                              0x080005d9   Thumb Code     6  stm32f4xx_hal.o(i.HAL_GetTick)
    HAL_IncTick                              0x080005e5   Thumb Code    10  stm32f4xx_hal.o(i.HAL_IncTick)
    HAL_Init                                 0x080005f5   Thumb Code    48  stm32f4xx_hal.o(i.HAL_Init)
    HAL_InitTick                             0x08000629   Thumb Code   100  stm32f4xx_hal_timebase_tim.o(i.HAL_InitTick)
    HAL_MspInit                              0x0800069d   Thumb Code    88  stm32f4xx_hal_msp.o(i.HAL_MspInit)
    HAL_NVIC_EnableIRQ                       0x080006f5   Thumb Code    22  stm32f4xx_hal_cortex.o(i.HAL_NVIC_EnableIRQ)
    HAL_NVIC_SetPriority                     0x0800070d   Thumb Code    60  stm32f4xx_hal_cortex.o(i.HAL_NVIC_SetPriority)
    HAL_NVIC_SetPriorityGrouping             0x0800074d   Thumb Code    26  stm32f4xx_hal_cortex.o(i.HAL_NVIC_SetPriorityGrouping)
    HAL_PCDEx_SetRxFiFo                      0x08000771   Thumb Code     8  stm32f4xx_hal_pcd_ex.o(i.HAL_PCDEx_SetRxFiFo)
    HAL_PCDEx_SetTxFiFo                      0x08000779   Thumb Code    68  stm32f4xx_hal_pcd_ex.o(i.HAL_PCDEx_SetTxFiFo)
    HAL_PCD_ConnectCallback                  0x080007bd   Thumb Code     8  usbd_conf.o(i.HAL_PCD_ConnectCallback)
    HAL_PCD_DataInStageCallback              0x080007c5   Thumb Code    18  usbd_conf.o(i.HAL_PCD_DataInStageCallback)
    HAL_PCD_DataOutStageCallback             0x080007d7   Thumb Code    20  usbd_conf.o(i.HAL_PCD_DataOutStageCallback)
    HAL_PCD_DisconnectCallback               0x080007eb   Thumb Code     8  usbd_conf.o(i.HAL_PCD_DisconnectCallback)
    HAL_PCD_EP_Close                         0x080007f3   Thumb Code    68  stm32f4xx_hal_pcd.o(i.HAL_PCD_EP_Close)
    HAL_PCD_EP_ClrStall                      0x08000837   Thumb Code    80  stm32f4xx_hal_pcd.o(i.HAL_PCD_EP_ClrStall)
    HAL_PCD_EP_GetRxCount                    0x08000887   Thumb Code    20  stm32f4xx_hal_pcd.o(i.HAL_PCD_EP_GetRxCount)
    HAL_PCD_EP_Open                          0x0800089b   Thumb Code    84  stm32f4xx_hal_pcd.o(i.HAL_PCD_EP_Open)
    HAL_PCD_EP_Receive                       0x080008f1   Thumb Code    94  stm32f4xx_hal_pcd.o(i.HAL_PCD_EP_Receive)
    HAL_PCD_EP_SetStall                      0x0800094f   Thumb Code    96  stm32f4xx_hal_pcd.o(i.HAL_PCD_EP_SetStall)
    HAL_PCD_EP_Transmit                      0x080009af   Thumb Code    86  stm32f4xx_hal_pcd.o(i.HAL_PCD_EP_Transmit)
    HAL_PCD_IRQHandler                       0x08000a05   Thumb Code  1022  stm32f4xx_hal_pcd.o(i.HAL_PCD_IRQHandler)
    HAL_PCD_ISOINIncompleteCallback          0x08000e03   Thumb Code     8  usbd_conf.o(i.HAL_PCD_ISOINIncompleteCallback)
    HAL_PCD_ISOOUTIncompleteCallback         0x08000e0b   Thumb Code     8  usbd_conf.o(i.HAL_PCD_ISOOUTIncompleteCallback)
    HAL_PCD_Init                             0x08000e15   Thumb Code   190  stm32f4xx_hal_pcd.o(i.HAL_PCD_Init)
    HAL_PCD_MspInit                          0x08000ed5   Thumb Code    92  usbd_conf.o(i.HAL_PCD_MspInit)
    HAL_PCD_ResetCallback                    0x08000f39   Thumb Code    32  usbd_conf.o(i.HAL_PCD_ResetCallback)
    HAL_PCD_ResumeCallback                   0x08000f59   Thumb Code     8  usbd_conf.o(i.HAL_PCD_ResumeCallback)
    HAL_PCD_SOFCallback                      0x08000f61   Thumb Code     8  usbd_conf.o(i.HAL_PCD_SOFCallback)
    HAL_PCD_SetAddress                       0x08000f69   Thumb Code    36  stm32f4xx_hal_pcd.o(i.HAL_PCD_SetAddress)
    HAL_PCD_SetupStageCallback               0x08000f8d   Thumb Code    14  usbd_conf.o(i.HAL_PCD_SetupStageCallback)
    HAL_PCD_Start                            0x08000f9b   Thumb Code    42  stm32f4xx_hal_pcd.o(i.HAL_PCD_Start)
    HAL_PCD_SuspendCallback                  0x08000fc5   Thumb Code    44  usbd_conf.o(i.HAL_PCD_SuspendCallback)
    HAL_RCC_ClockConfig                      0x08000ff5   Thumb Code   364  stm32f4xx_hal_rcc.o(i.HAL_RCC_ClockConfig)
    HAL_RCC_GetClockConfig                   0x08001171   Thumb Code    54  stm32f4xx_hal_rcc.o(i.HAL_RCC_GetClockConfig)
    HAL_RCC_GetHCLKFreq                      0x080011b1   Thumb Code     6  stm32f4xx_hal_rcc.o(i.HAL_RCC_GetHCLKFreq)
    HAL_RCC_GetPCLK2Freq                     0x080011bd   Thumb Code    34  stm32f4xx_hal_rcc.o(i.HAL_RCC_GetPCLK2Freq)
    HAL_RCC_GetSysClockFreq                  0x080011ed   Thumb Code   104  stm32f4xx_hal_rcc.o(i.HAL_RCC_GetSysClockFreq)
    HAL_RCC_OscConfig                        0x0800125d   Thumb Code   722  stm32f4xx_hal_rcc.o(i.HAL_RCC_OscConfig)
    HAL_SPI_Init                             0x08001541   Thumb Code   128  stm32f4xx_hal_spi.o(i.HAL_SPI_Init)
    HAL_SPI_MspInit                          0x080015c1   Thumb Code    62  stm32f4xx_hal_msp.o(i.HAL_SPI_MspInit)
    HAL_SPI_Receive                          0x0800160d   Thumb Code   336  stm32f4xx_hal_spi.o(i.HAL_SPI_Receive)
    HAL_SPI_Transmit                         0x0800175d   Thumb Code   360  stm32f4xx_hal_spi.o(i.HAL_SPI_Transmit)
    HAL_SPI_TransmitReceive                  0x080018c5   Thumb Code   472  stm32f4xx_hal_spi.o(i.HAL_SPI_TransmitReceive)
    HAL_SYSTICK_CLKSourceConfig              0x08001a9d   Thumb Code    24  stm32f4xx_hal_cortex.o(i.HAL_SYSTICK_CLKSourceConfig)
    HAL_SYSTICK_Config                       0x08001ab5   Thumb Code    40  stm32f4xx_hal_cortex.o(i.HAL_SYSTICK_Config)
    HAL_TIMEx_BreakCallback                  0x08001add   Thumb Code     2  stm32f4xx_hal_tim_ex.o(i.HAL_TIMEx_BreakCallback)
    HAL_TIMEx_CommutationCallback            0x08001adf   Thumb Code     2  stm32f4xx_hal_tim_ex.o(i.HAL_TIMEx_CommutationCallback)
    HAL_TIM_Base_Init                        0x08001ae1   Thumb Code    54  stm32f4xx_hal_tim.o(i.HAL_TIM_Base_Init)
    HAL_TIM_Base_MspInit                     0x08001b17   Thumb Code     2  stm32f4xx_hal_tim.o(i.HAL_TIM_Base_MspInit)
    HAL_TIM_Base_Start_IT                    0x08001b19   Thumb Code    24  stm32f4xx_hal_tim.o(i.HAL_TIM_Base_Start_IT)
    HAL_TIM_IC_CaptureCallback               0x08001b31   Thumb Code     2  stm32f4xx_hal_tim.o(i.HAL_TIM_IC_CaptureCallback)
    HAL_TIM_IRQHandler                       0x08001b33   Thumb Code   358  stm32f4xx_hal_tim.o(i.HAL_TIM_IRQHandler)
    HAL_TIM_OC_DelayElapsedCallback          0x08001c99   Thumb Code     2  stm32f4xx_hal_tim.o(i.HAL_TIM_OC_DelayElapsedCallback)
    HAL_TIM_PWM_PulseFinishedCallback        0x08001c9b   Thumb Code     2  stm32f4xx_hal_tim.o(i.HAL_TIM_PWM_PulseFinishedCallback)
    HAL_TIM_PeriodElapsedCallback            0x08001c9d   Thumb Code    14  main.o(i.HAL_TIM_PeriodElapsedCallback)
    HAL_TIM_TriggerCallback                  0x08001cb1   Thumb Code     2  stm32f4xx_hal_tim.o(i.HAL_TIM_TriggerCallback)
    HardFault_Handler                        0x08001cb3   Thumb Code     2  stm32f4xx_it.o(i.HardFault_Handler)
    MX_USB_DEVICE_Init                       0x08001d59   Thumb Code    38  usb_device.o(i.MX_USB_DEVICE_Init)
    MemManage_Handler                        0x08001d91   Thumb Code     2  stm32f4xx_it.o(i.MemManage_Handler)
    NMI_Handler                              0x08001d93   Thumb Code     2  stm32f4xx_it.o(i.NMI_Handler)
    OTG_FS_IRQHandler                        0x08001db5   Thumb Code     6  stm32f4xx_it.o(i.OTG_FS_IRQHandler)
    StartDefaultTask                         0x08001f01   Thumb Code   300  main.o(i.StartDefaultTask)
    SysTick_Handler                          0x08002039   Thumb Code     4  stm32f4xx_it.o(i.SysTick_Handler)
    SystemClock_Config                       0x0800203d   Thumb Code   146  main.o(i.SystemClock_Config)
    SystemInit                               0x080020d9   Thumb Code    66  system_stm32f4xx.o(i.SystemInit)
    TIM1_UP_TIM10_IRQHandler                 0x0800212d   Thumb Code     6  stm32f4xx_it.o(i.TIM1_UP_TIM10_IRQHandler)
    TIM_Base_SetConfig                       0x08002139   Thumb Code   148  stm32f4xx_hal_tim.o(i.TIM_Base_SetConfig)
    USBD_CDC_GetDeviceQualifierDescriptor    0x0800229d   Thumb Code     8  usbd_cdc.o(i.USBD_CDC_GetDeviceQualifierDescriptor)
    USBD_CDC_ReceivePacket                   0x08002355   Thumb Code    40  usbd_cdc.o(i.USBD_CDC_ReceivePacket)
    USBD_CDC_RegisterInterface               0x0800237d   Thumb Code    16  usbd_cdc.o(i.USBD_CDC_RegisterInterface)
    USBD_CDC_SetRxBuffer                     0x0800238d   Thumb Code    12  usbd_cdc.o(i.USBD_CDC_SetRxBuffer)
    USBD_CDC_SetTxBuffer                     0x08002399   Thumb Code    16  usbd_cdc.o(i.USBD_CDC_SetTxBuffer)
    USBD_CDC_TransmitPacket                  0x08002419   Thumb Code    48  usbd_cdc.o(i.USBD_CDC_TransmitPacket)
    USBD_ClrClassConfig                      0x08002449   Thumb Code    14  usbd_core.o(i.USBD_ClrClassConfig)
    USBD_CtlContinueRx                       0x08002457   Thumb Code    16  usbd_ioreq.o(i.USBD_CtlContinueRx)
    USBD_CtlContinueSendData                 0x08002467   Thumb Code    16  usbd_ioreq.o(i.USBD_CtlContinueSendData)
    USBD_CtlError                            0x08002477   Thumb Code    22  usbd_ctlreq.o(i.USBD_CtlError)
    USBD_CtlPrepareRx                        0x0800248d   Thumb Code    30  usbd_ioreq.o(i.USBD_CtlPrepareRx)
    USBD_CtlReceiveStatus                    0x080024ab   Thumb Code    22  usbd_ioreq.o(i.USBD_CtlReceiveStatus)
    USBD_CtlSendData                         0x080024c1   Thumb Code    26  usbd_ioreq.o(i.USBD_CtlSendData)
    USBD_CtlSendStatus                       0x080024db   Thumb Code    22  usbd_ioreq.o(i.USBD_CtlSendStatus)
    USBD_FS_ConfigStrDescriptor              0x080024f1   Thumb Code    16  usbd_desc.o(i.USBD_FS_ConfigStrDescriptor)
    USBD_FS_DeviceDescriptor                 0x08002511   Thumb Code     8  usbd_desc.o(i.USBD_FS_DeviceDescriptor)
    USBD_FS_InterfaceStrDescriptor           0x0800251d   Thumb Code    16  usbd_desc.o(i.USBD_FS_InterfaceStrDescriptor)
    USBD_FS_LangIDStrDescriptor              0x08002541   Thumb Code     8  usbd_desc.o(i.USBD_FS_LangIDStrDescriptor)
    USBD_FS_ManufacturerStrDescriptor        0x0800254d   Thumb Code    16  usbd_desc.o(i.USBD_FS_ManufacturerStrDescriptor)
    USBD_FS_ProductStrDescriptor             0x08002575   Thumb Code    16  usbd_desc.o(i.USBD_FS_ProductStrDescriptor)
    USBD_FS_SerialStrDescriptor              0x080025a1   Thumb Code    16  usbd_desc.o(i.USBD_FS_SerialStrDescriptor)
    USBD_GetString                           0x080026a5   Thumb Code    70  usbd_ctlreq.o(i.USBD_GetString)
    USBD_Init                                0x080026eb   Thumb Code    42  usbd_core.o(i.USBD_Init)
    USBD_LL_ClearStallEP                     0x08002715   Thumb Code    14  usbd_conf.o(i.USBD_LL_ClearStallEP)
    USBD_LL_CloseEP                          0x08002723   Thumb Code    14  usbd_conf.o(i.USBD_LL_CloseEP)
    USBD_LL_DataInStage                      0x08002731   Thumb Code   170  usbd_core.o(i.USBD_LL_DataInStage)
    USBD_LL_DataOutStage                     0x080027db   Thumb Code   106  usbd_core.o(i.USBD_LL_DataOutStage)
    USBD_LL_DevConnected                     0x08002845   Thumb Code     4  usbd_core.o(i.USBD_LL_DevConnected)
    USBD_LL_DevDisconnected                  0x08002849   Thumb Code    22  usbd_core.o(i.USBD_LL_DevDisconnected)
    USBD_LL_GetRxDataSize                    0x0800285f   Thumb Code     8  usbd_conf.o(i.USBD_LL_GetRxDataSize)
    USBD_LL_Init                             0x08002869   Thumb Code    94  usbd_conf.o(i.USBD_LL_Init)
    USBD_LL_IsStallEP                        0x080028cd   Thumb Code    32  usbd_conf.o(i.USBD_LL_IsStallEP)
    USBD_LL_IsoINIncomplete                  0x080028ed   Thumb Code     4  usbd_core.o(i.USBD_LL_IsoINIncomplete)
    USBD_LL_IsoOUTIncomplete                 0x080028f1   Thumb Code     4  usbd_core.o(i.USBD_LL_IsoOUTIncomplete)
    USBD_LL_OpenEP                           0x080028f5   Thumb Code    20  usbd_conf.o(i.USBD_LL_OpenEP)
    USBD_LL_PrepareReceive                   0x08002909   Thumb Code    14  usbd_conf.o(i.USBD_LL_PrepareReceive)
    USBD_LL_Reset                            0x08002917   Thumb Code    62  usbd_core.o(i.USBD_LL_Reset)
    USBD_LL_Resume                           0x08002955   Thumb Code    12  usbd_core.o(i.USBD_LL_Resume)
    USBD_LL_SOF                              0x08002961   Thumb Code    24  usbd_core.o(i.USBD_LL_SOF)
    USBD_LL_SetSpeed                         0x08002979   Thumb Code     6  usbd_core.o(i.USBD_LL_SetSpeed)
    USBD_LL_SetUSBAddress                    0x0800297f   Thumb Code    14  usbd_conf.o(i.USBD_LL_SetUSBAddress)
    USBD_LL_SetupStage                       0x0800298d   Thumb Code    90  usbd_core.o(i.USBD_LL_SetupStage)
    USBD_LL_StallEP                          0x080029e7   Thumb Code    14  usbd_conf.o(i.USBD_LL_StallEP)
    USBD_LL_Start                            0x080029f5   Thumb Code    14  usbd_conf.o(i.USBD_LL_Start)
    USBD_LL_Suspend                          0x08002a03   Thumb Code    18  usbd_core.o(i.USBD_LL_Suspend)
    USBD_LL_Transmit                         0x08002a15   Thumb Code    14  usbd_conf.o(i.USBD_LL_Transmit)
    USBD_ParseSetupRequest                   0x08002a23   Thumb Code    40  usbd_ctlreq.o(i.USBD_ParseSetupRequest)
    USBD_RegisterClass                       0x08002a4b   Thumb Code    16  usbd_core.o(i.USBD_RegisterClass)
    USBD_SetClassConfig                      0x08002a5b   Thumb Code    22  usbd_core.o(i.USBD_SetClassConfig)
    USBD_Start                               0x08002ae5   Thumb Code    10  usbd_core.o(i.USBD_Start)
    USBD_StdDevReq                           0x08002aef   Thumb Code   242  usbd_ctlreq.o(i.USBD_StdDevReq)
    USBD_StdEPReq                            0x08002be1   Thumb Code   220  usbd_ctlreq.o(i.USBD_StdEPReq)
    USBD_StdItfReq                           0x08002cbd   Thumb Code    52  usbd_ctlreq.o(i.USBD_StdItfReq)
    USB_ActivateEndpoint                     0x08002cf1   Thumb Code   122  stm32f4xx_ll_usb.o(i.USB_ActivateEndpoint)
    USB_ActivateSetup                        0x08002d71   Thumb Code    52  stm32f4xx_ll_usb.o(i.USB_ActivateSetup)
    USB_CoreInit                             0x08002da5   Thumb Code    96  stm32f4xx_ll_usb.o(i.USB_CoreInit)
    USB_DeactivateEndpoint                   0x08002e41   Thumb Code   110  stm32f4xx_ll_usb.o(i.USB_DeactivateEndpoint)
    USB_DevConnect                           0x08002eaf   Thumb Code    24  stm32f4xx_ll_usb.o(i.USB_DevConnect)
    USB_DevDisconnect                        0x08002ec7   Thumb Code    24  stm32f4xx_ll_usb.o(i.USB_DevDisconnect)
    USB_DevInit                              0x08002ee1   Thumb Code   306  stm32f4xx_ll_usb.o(i.USB_DevInit)
    USB_DisableGlobalInt                     0x08003025   Thumb Code    12  stm32f4xx_ll_usb.o(i.USB_DisableGlobalInt)
    USB_EP0StartXfer                         0x08003031   Thumb Code   316  stm32f4xx_ll_usb.o(i.USB_EP0StartXfer)
    USB_EP0_OutStart                         0x08003171   Thumb Code    62  stm32f4xx_ll_usb.o(i.USB_EP0_OutStart)
    USB_EPClearStall                         0x080031af   Thumb Code   100  stm32f4xx_ll_usb.o(i.USB_EPClearStall)
    USB_EPSetStall                           0x08003213   Thumb Code    94  stm32f4xx_ll_usb.o(i.USB_EPSetStall)
    USB_EPStartXfer                          0x08003271   Thumb Code   534  stm32f4xx_ll_usb.o(i.USB_EPStartXfer)
    USB_EnableGlobalInt                      0x0800348d   Thumb Code    12  stm32f4xx_ll_usb.o(i.USB_EnableGlobalInt)
    USB_FlushRxFifo                          0x08003499   Thumb Code    28  stm32f4xx_ll_usb.o(i.USB_FlushRxFifo)
    USB_FlushTxFifo                          0x080034b9   Thumb Code    32  stm32f4xx_ll_usb.o(i.USB_FlushTxFifo)
    USB_GetDevSpeed                          0x080034dd   Thumb Code    60  stm32f4xx_ll_usb.o(i.USB_GetDevSpeed)
    USB_GetMode                              0x08003519   Thumb Code     8  stm32f4xx_ll_usb.o(i.USB_GetMode)
    USB_ReadDevAllInEpInterrupt              0x08003521   Thumb Code    14  stm32f4xx_ll_usb.o(i.USB_ReadDevAllInEpInterrupt)
    USB_ReadDevAllOutEpInterrupt             0x0800352f   Thumb Code    14  stm32f4xx_ll_usb.o(i.USB_ReadDevAllOutEpInterrupt)
    USB_ReadDevInEPInterrupt                 0x0800353d   Thumb Code    30  stm32f4xx_ll_usb.o(i.USB_ReadDevInEPInterrupt)
    USB_ReadDevOutEPInterrupt                0x0800355b   Thumb Code    16  stm32f4xx_ll_usb.o(i.USB_ReadDevOutEPInterrupt)
    USB_ReadInterrupts                       0x0800356b   Thumb Code     8  stm32f4xx_ll_usb.o(i.USB_ReadInterrupts)
    USB_ReadPacket                           0x08003573   Thumb Code    32  stm32f4xx_ll_usb.o(i.USB_ReadPacket)
    USB_SetCurrentMode                       0x08003593   Thumb Code    44  stm32f4xx_ll_usb.o(i.USB_SetCurrentMode)
    USB_SetDevAddress                        0x080035bf   Thumb Code    34  stm32f4xx_ll_usb.o(i.USB_SetDevAddress)
    USB_WritePacket                          0x080035e1   Thumb Code    40  stm32f4xx_ll_usb.o(i.USB_WritePacket)
    UsageFault_Handler                       0x08003609   Thumb Code     2  stm32f4xx_it.o(i.UsageFault_Handler)
    __scatterload_copy                       0x0800360b   Thumb Code    14  handlers.o(i.__scatterload_copy)
    __scatterload_null                       0x08003619   Thumb Code     2  handlers.o(i.__scatterload_null)
    __scatterload_zeroinit                   0x0800361b   Thumb Code    14  handlers.o(i.__scatterload_zeroinit)
    free                                     0x08003629   Thumb Code    76  malloc.o(i.free)
    main                                     0x08003679   Thumb Code   100  main.o(i.main)
    malloc                                   0x080036f9   Thumb Code    92  malloc.o(i.malloc)
    map                                      0x08003765   Thumb Code    20  main.o(i.map)
    osDelay                                  0x08003779   Thumb Code    14  cmsis_os.o(i.osDelay)
    osKernelStart                            0x08003787   Thumb Code    10  cmsis_os.o(i.osKernelStart)
    osSystickHandler                         0x08003791   Thumb Code    20  cmsis_os.o(i.osSystickHandler)
    osThreadCreate                           0x080037a5   Thumb Code    56  cmsis_os.o(i.osThreadCreate)
    pvPortMalloc                             0x0800396d   Thumb Code   210  heap_4.o(i.pvPortMalloc)
    pxPortInitialiseStack                    0x08003a45   Thumb Code    36  port.o(i.pxPortInitialiseStack)
    uxListRemove                             0x08003a6d   Thumb Code    36  list.o(i.uxListRemove)
    vListInitialise                          0x08003a91   Thumb Code    22  list.o(i.vListInitialise)
    vListInitialiseItem                      0x08003aa7   Thumb Code     6  list.o(i.vListInitialiseItem)
    vListInsert                              0x08003aad   Thumb Code    48  list.o(i.vListInsert)
    vListInsertEnd                           0x08003add   Thumb Code    24  list.o(i.vListInsertEnd)
    vPortEnterCritical                       0x08003af5   Thumb Code    54  port.o(i.vPortEnterCritical)
    vPortExitCritical                        0x08003b35   Thumb Code    34  port.o(i.vPortExitCritical)
    vPortFree                                0x08003b5d   Thumb Code    88  heap_4.o(i.vPortFree)
    vPortSetupTimerInterrupt                 0x08003bb9   Thumb Code    26  port.o(i.vPortSetupTimerInterrupt)
    vTaskDelay                               0x08003bd9   Thumb Code    94  tasks.o(i.vTaskDelay)
    vTaskStartScheduler                      0x08003c41   Thumb Code    86  tasks.o(i.vTaskStartScheduler)
    vTaskSuspendAll                          0x08003ca9   Thumb Code    10  tasks.o(i.vTaskSuspendAll)
    vTaskSwitchContext                       0x08003cb9   Thumb Code    82  tasks.o(i.vTaskSwitchContext)
    xPortStartScheduler                      0x08003d15   Thumb Code   202  port.o(i.xPortStartScheduler)
    xPortSysTickHandler                      0x08003df5   Thumb Code    38  port.o(i.xPortSysTickHandler)
    xTaskGenericCreate                       0x08003e21   Thumb Code   430  tasks.o(i.xTaskGenericCreate)
    xTaskGetSchedulerState                   0x08003fdd   Thumb Code    22  tasks.o(i.xTaskGetSchedulerState)
    xTaskIncrementTick                       0x08003ff9   Thumb Code   194  tasks.o(i.xTaskIncrementTick)
    xTaskResumeAll                           0x080040c5   Thumb Code   182  tasks.o(i.xTaskResumeAll)
    APBAHBPrescTable                         0x0800419c   Data          16  stm32f4xx_hal_rcc.o(.constdata)
    Region$$Table$$Base                      0x080041b8   Number         0  anon$$obj.o(Region$$Table)
    Region$$Table$$Limit                     0x080041d8   Number         0  anon$$obj.o(Region$$Table)
    USBD_CDC_CfgHSDesc                       0x20000010   Data          67  usbd_cdc.o(.data)
    USBD_CDC_CfgFSDesc                       0x20000054   Data          67  usbd_cdc.o(.data)
    USBD_CDC_OtherSpeedCfgDesc               0x20000098   Data          67  usbd_cdc.o(.data)
    USBD_CDC                                 0x200000dc   Data          56  usbd_cdc.o(.data)
    address                                  0x20000118   Data           1  main.o(.data)
    data                                     0x20000119   Data           1  main.o(.data)
    x_vall                                   0x2000011a   Data           1  main.o(.data)
    x_valh                                   0x2000011b   Data           1  main.o(.data)
    i                                        0x2000011c   Data           2  main.o(.data)
    x                                        0x2000011e   Data           2  main.o(.data)
    y                                        0x20000120   Data           2  main.o(.data)
    d                                        0x20000122   Data           2  main.o(.data)
    defaultTaskHandle                        0x20000124   Data           4  main.o(.data)
    FS_Desc                                  0x20000128   Data          28  usbd_desc.o(.data)
    USBD_LangIDDesc                          0x20000144   Data           4  usbd_desc.o(.data)
    USBD_FS_DeviceDesc                       0x20000148   Data          18  usbd_desc.o(.data)
    _index                                   0x2000015a   Data           1  usbd_cdc_if.o(.data)
    USBD_Interface_fops_FS                   0x2000015c   Data          16  usbd_cdc_if.o(.data)
    uwTick                                   0x2000016c   Data           4  stm32f4xx_hal.o(.data)
    pxCurrentTCB                             0x20000170   Data           4  tasks.o(.data)
    SystemCoreClock                          0x200001cc   Data           4  system_stm32f4xx.o(.data)
    __microlib_freelist                      0x200001d0   Data           4  mvars.o(.data)
    __microlib_freelist_initialised          0x200001d4   Data           4  mvars.o(.data)
    receive_data                             0x200001d8   Data          64  main.o(.bss)
    str                                      0x20000218   Data          20  main.o(.bss)
    hspi1                                    0x2000022c   Data          88  main.o(.bss)
    USBD_StrDesc                             0x20000284   Data         512  usbd_desc.o(.bss)
    hUsbDeviceFS                             0x20000484   Data         548  usb_device.o(.bss)
    UserRxBufferFS                           0x200006a8   Data          64  usbd_cdc_if.o(.bss)
    UserTxBufferFS                           0x200006e8   Data          64  usbd_cdc_if.o(.bss)
    hpcd_USB_OTG_FS                          0x20000728   Data         952  usbd_conf.o(.bss)
    htim1                                    0x20000ae0   Data          60  stm32f4xx_hal_timebase_tim.o(.bss)
    __heap_base                              0x20004810   Data           0  startup_stm32f407xx.o(HEAP)
    __heap_limit                             0x20006810   Data           0  startup_stm32f407xx.o(HEAP)
    __initial_sp                             0x2000a810   Data           0  startup_stm32f407xx.o(STACK)



==============================================================================

Memory Map of the image

  Image Entry point : 0x08000189

  Load Region LR_IROM1 (Base: 0x08000000, Size: 0x000043b0, Max: 0x00100000, ABSOLUTE, COMPRESSED[0x0000429c])

    Execution Region ER_IROM1 (Base: 0x08000000, Size: 0x000041d8, Max: 0x00100000, ABSOLUTE)

    Base Addr    Size         Type   Attr      Idx    E Section Name        Object

    0x08000000   0x00000188   Data   RO            3    RESET               startup_stm32f407xx.o
    0x08000188   0x00000000   Code   RO         4881  * .ARM.Collect$$$$00000000  mc_w.l(entry.o)
    0x08000188   0x00000004   Code   RO         4920    .ARM.Collect$$$$00000001  mc_w.l(entry2.o)
    0x0800018c   0x00000004   Code   RO         4923    .ARM.Collect$$$$00000004  mc_w.l(entry5.o)
    0x08000190   0x00000000   Code   RO         4925    .ARM.Collect$$$$00000008  mc_w.l(entry7b.o)
    0x08000190   0x00000000   Code   RO         4927    .ARM.Collect$$$$0000000A  mc_w.l(entry8b.o)
    0x08000190   0x00000008   Code   RO         4928    .ARM.Collect$$$$0000000B  mc_w.l(entry9a.o)
    0x08000198   0x00000000   Code   RO         4930    .ARM.Collect$$$$0000000D  mc_w.l(entry10a.o)
    0x08000198   0x00000000   Code   RO         4932    .ARM.Collect$$$$0000000F  mc_w.l(entry11a.o)
    0x08000198   0x00000004   Code   RO         4921    .ARM.Collect$$$$00002712  mc_w.l(entry2.o)
    0x0800019c   0x000000ba   Code   RO         4461    .emb_text           port.o
    0x08000256   0x00000002   PAD
    0x08000258   0x00000024   Code   RO            4    .text               startup_stm32f407xx.o
    0x0800027c   0x00000024   Code   RO         4884    .text               mc_w.l(memcpya.o)
    0x080002a0   0x00000024   Code   RO         4886    .text               mc_w.l(memseta.o)
    0x080002c4   0x0000000e   Code   RO         4888    .text               mc_w.l(strlen.o)
    0x080002d2   0x00000002   PAD
    0x080002d4   0x00000024   Code   RO         4936    .text               mc_w.l(init.o)
    0x080002f8   0x00000056   Code   RO         4946    .text               mc_w.l(__dczerorl2.o)
    0x0800034e   0x00000002   Code   RO         1073    i.BusFault_Handler  stm32f4xx_it.o
    0x08000350   0x00000004   Code   RO          739    i.CDC_Control_FS    usbd_cdc_if.o
    0x08000354   0x00000004   Code   RO          740    i.CDC_DeInit_FS     usbd_cdc_if.o
    0x08000358   0x00000024   Code   RO          741    i.CDC_Init_FS       usbd_cdc_if.o
    0x0800037c   0x00000038   Code   RO          742    i.CDC_Receive_FS    usbd_cdc_if.o
    0x080003b4   0x0000003c   Code   RO          743    i.CDC_Transmit_FS   usbd_cdc_if.o
    0x080003f0   0x00000002   Code   RO         1074    i.DebugMon_Handler  stm32f4xx_it.o
    0x080003f2   0x00000002   Code   RO          510    i.Error_Handler     main.o
    0x080003f4   0x00000016   Code   RO         2826    i.HAL_Delay         stm32f4xx_hal.o
    0x0800040a   0x00000002   PAD
    0x0800040c   0x000001c0   Code   RO         1276    i.HAL_GPIO_Init     stm32f4xx_hal_gpio.o
    0x080005cc   0x0000000a   Code   RO         1280    i.HAL_GPIO_WritePin  stm32f4xx_hal_gpio.o
    0x080005d6   0x00000002   PAD
    0x080005d8   0x0000000c   Code   RO         2832    i.HAL_GetTick       stm32f4xx_hal.o
    0x080005e4   0x00000010   Code   RO         2833    i.HAL_IncTick       stm32f4xx_hal.o
    0x080005f4   0x00000034   Code   RO         2834    i.HAL_Init          stm32f4xx_hal.o
    0x08000628   0x00000074   Code   RO         1033    i.HAL_InitTick      stm32f4xx_hal_timebase_tim.o
    0x0800069c   0x00000058   Code   RO          792    i.HAL_MspInit       stm32f4xx_hal_msp.o
    0x080006f4   0x00000016   Code   RO         2525    i.HAL_NVIC_EnableIRQ  stm32f4xx_hal_cortex.o
    0x0800070a   0x00000002   PAD
    0x0800070c   0x00000040   Code   RO         2531    i.HAL_NVIC_SetPriority  stm32f4xx_hal_cortex.o
    0x0800074c   0x00000024   Code   RO         2532    i.HAL_NVIC_SetPriorityGrouping  stm32f4xx_hal_cortex.o
    0x08000770   0x00000008   Code   RO         2492    i.HAL_PCDEx_SetRxFiFo  stm32f4xx_hal_pcd_ex.o
    0x08000778   0x00000044   Code   RO         2493    i.HAL_PCDEx_SetTxFiFo  stm32f4xx_hal_pcd_ex.o
    0x080007bc   0x00000008   Code   RO          828    i.HAL_PCD_ConnectCallback  usbd_conf.o
    0x080007c4   0x00000012   Code   RO          829    i.HAL_PCD_DataInStageCallback  usbd_conf.o
    0x080007d6   0x00000014   Code   RO          830    i.HAL_PCD_DataOutStageCallback  usbd_conf.o
    0x080007ea   0x00000008   Code   RO          831    i.HAL_PCD_DisconnectCallback  usbd_conf.o
    0x080007f2   0x00000044   Code   RO         3335    i.HAL_PCD_EP_Close  stm32f4xx_hal_pcd.o
    0x08000836   0x00000050   Code   RO         3336    i.HAL_PCD_EP_ClrStall  stm32f4xx_hal_pcd.o
    0x08000886   0x00000014   Code   RO         3338    i.HAL_PCD_EP_GetRxCount  stm32f4xx_hal_pcd.o
    0x0800089a   0x00000054   Code   RO         3339    i.HAL_PCD_EP_Open   stm32f4xx_hal_pcd.o
    0x080008ee   0x00000002   PAD
    0x080008f0   0x0000005e   Code   RO         3340    i.HAL_PCD_EP_Receive  stm32f4xx_hal_pcd.o
    0x0800094e   0x00000060   Code   RO         3341    i.HAL_PCD_EP_SetStall  stm32f4xx_hal_pcd.o
    0x080009ae   0x00000056   Code   RO         3342    i.HAL_PCD_EP_Transmit  stm32f4xx_hal_pcd.o
    0x08000a04   0x000003fe   Code   RO         3344    i.HAL_PCD_IRQHandler  stm32f4xx_hal_pcd.o
    0x08000e02   0x00000008   Code   RO          832    i.HAL_PCD_ISOINIncompleteCallback  usbd_conf.o
    0x08000e0a   0x00000008   Code   RO          833    i.HAL_PCD_ISOOUTIncompleteCallback  usbd_conf.o
    0x08000e12   0x00000002   PAD
    0x08000e14   0x000000be   Code   RO         3347    i.HAL_PCD_Init      stm32f4xx_hal_pcd.o
    0x08000ed2   0x00000002   PAD
    0x08000ed4   0x00000064   Code   RO          835    i.HAL_PCD_MspInit   usbd_conf.o
    0x08000f38   0x00000020   Code   RO          836    i.HAL_PCD_ResetCallback  usbd_conf.o
    0x08000f58   0x00000008   Code   RO          837    i.HAL_PCD_ResumeCallback  usbd_conf.o
    0x08000f60   0x00000008   Code   RO          838    i.HAL_PCD_SOFCallback  usbd_conf.o
    0x08000f68   0x00000024   Code   RO         3353    i.HAL_PCD_SetAddress  stm32f4xx_hal_pcd.o
    0x08000f8c   0x0000000e   Code   RO          839    i.HAL_PCD_SetupStageCallback  usbd_conf.o
    0x08000f9a   0x0000002a   Code   RO         3355    i.HAL_PCD_Start     stm32f4xx_hal_pcd.o
    0x08000fc4   0x00000030   Code   RO          840    i.HAL_PCD_SuspendCallback  usbd_conf.o
    0x08000ff4   0x0000017c   Code   RO         3003    i.HAL_RCC_ClockConfig  stm32f4xx_hal_rcc.o
    0x08001170   0x00000040   Code   RO         3007    i.HAL_RCC_GetClockConfig  stm32f4xx_hal_rcc.o
    0x080011b0   0x0000000c   Code   RO         3008    i.HAL_RCC_GetHCLKFreq  stm32f4xx_hal_rcc.o
    0x080011bc   0x00000030   Code   RO         3011    i.HAL_RCC_GetPCLK2Freq  stm32f4xx_hal_rcc.o
    0x080011ec   0x00000070   Code   RO         3012    i.HAL_RCC_GetSysClockFreq  stm32f4xx_hal_rcc.o
    0x0800125c   0x000002e4   Code   RO         3015    i.HAL_RCC_OscConfig  stm32f4xx_hal_rcc.o
    0x08001540   0x00000080   Code   RO         3547    i.HAL_SPI_Init      stm32f4xx_hal_spi.o
    0x080015c0   0x0000004c   Code   RO          794    i.HAL_SPI_MspInit   stm32f4xx_hal_msp.o
    0x0800160c   0x00000150   Code   RO         3550    i.HAL_SPI_Receive   stm32f4xx_hal_spi.o
    0x0800175c   0x00000168   Code   RO         3555    i.HAL_SPI_Transmit  stm32f4xx_hal_spi.o
    0x080018c4   0x000001d8   Code   RO         3556    i.HAL_SPI_TransmitReceive  stm32f4xx_hal_spi.o
    0x08001a9c   0x00000018   Code   RO         2534    i.HAL_SYSTICK_CLKSourceConfig  stm32f4xx_hal_cortex.o
    0x08001ab4   0x00000028   Code   RO         2536    i.HAL_SYSTICK_Config  stm32f4xx_hal_cortex.o
    0x08001adc   0x00000002   Code   RO         1339    i.HAL_TIMEx_BreakCallback  stm32f4xx_hal_tim_ex.o
    0x08001ade   0x00000002   Code   RO         1340    i.HAL_TIMEx_CommutationCallback  stm32f4xx_hal_tim_ex.o
    0x08001ae0   0x00000036   Code   RO         1580    i.HAL_TIM_Base_Init  stm32f4xx_hal_tim.o
    0x08001b16   0x00000002   Code   RO         1582    i.HAL_TIM_Base_MspInit  stm32f4xx_hal_tim.o
    0x08001b18   0x00000018   Code   RO         1585    i.HAL_TIM_Base_Start_IT  stm32f4xx_hal_tim.o
    0x08001b30   0x00000002   Code   RO         1609    i.HAL_TIM_IC_CaptureCallback  stm32f4xx_hal_tim.o
    0x08001b32   0x00000166   Code   RO         1622    i.HAL_TIM_IRQHandler  stm32f4xx_hal_tim.o
    0x08001c98   0x00000002   Code   RO         1625    i.HAL_TIM_OC_DelayElapsedCallback  stm32f4xx_hal_tim.o
    0x08001c9a   0x00000002   Code   RO         1652    i.HAL_TIM_PWM_PulseFinishedCallback  stm32f4xx_hal_tim.o
    0x08001c9c   0x00000014   Code   RO          511    i.HAL_TIM_PeriodElapsedCallback  main.o
    0x08001cb0   0x00000002   Code   RO         1663    i.HAL_TIM_TriggerCallback  stm32f4xx_hal_tim.o
    0x08001cb2   0x00000002   Code   RO         1075    i.HardFault_Handler  stm32f4xx_it.o
    0x08001cb4   0x00000064   Code   RO          512    i.MX_GPIO_Init      main.o
    0x08001d18   0x00000040   Code   RO          513    i.MX_SPI1_Init      main.o
    0x08001d58   0x00000038   Code   RO          709    i.MX_USB_DEVICE_Init  usb_device.o
    0x08001d90   0x00000002   Code   RO         1076    i.MemManage_Handler  stm32f4xx_it.o
    0x08001d92   0x00000002   Code   RO         1077    i.NMI_Handler       stm32f4xx_it.o
    0x08001d94   0x00000020   Code   RO         2538    i.NVIC_SetPriority  stm32f4xx_hal_cortex.o
    0x08001db4   0x0000000c   Code   RO         1078    i.OTG_FS_IRQHandler  stm32f4xx_it.o
    0x08001dc0   0x00000088   Code   RO         3358    i.PCD_WriteEmptyTxFifo  stm32f4xx_hal_pcd.o
    0x08001e48   0x00000020   Code   RO         3569    i.SPI_CheckFlag_BSY  stm32f4xx_hal_spi.o
    0x08001e68   0x00000096   Code   RO         3585    i.SPI_WaitFlagStateUntilTimeout  stm32f4xx_hal_spi.o
    0x08001efe   0x00000002   PAD
    0x08001f00   0x00000138   Code   RO          514    i.StartDefaultTask  main.o
    0x08002038   0x00000004   Code   RO         1079    i.SysTick_Handler   stm32f4xx_it.o
    0x0800203c   0x0000009c   Code   RO          515    i.SystemClock_Config  main.o
    0x080020d8   0x00000054   Code   RO         4848    i.SystemInit        system_stm32f4xx.o
    0x0800212c   0x0000000c   Code   RO         1080    i.TIM1_UP_TIM10_IRQHandler  stm32f4xx_it.o
    0x08002138   0x000000c0   Code   RO         1664    i.TIM_Base_SetConfig  stm32f4xx_hal_tim.o
    0x080021f8   0x00000014   Code   RO          335    i.USBD_CDC_DataIn   usbd_cdc.o
    0x0800220c   0x0000002e   Code   RO          336    i.USBD_CDC_DataOut  usbd_cdc.o
    0x0800223a   0x0000003c   Code   RO          337    i.USBD_CDC_DeInit   usbd_cdc.o
    0x08002276   0x00000024   Code   RO          338    i.USBD_CDC_EP0_RxReady  usbd_cdc.o
    0x0800229a   0x00000002   PAD
    0x0800229c   0x0000000c   Code   RO          339    i.USBD_CDC_GetDeviceQualifierDescriptor  usbd_cdc.o
    0x080022a8   0x0000000c   Code   RO          340    i.USBD_CDC_GetFSCfgDesc  usbd_cdc.o
    0x080022b4   0x0000000c   Code   RO          341    i.USBD_CDC_GetHSCfgDesc  usbd_cdc.o
    0x080022c0   0x0000000c   Code   RO          342    i.USBD_CDC_GetOtherSpeedCfgDesc  usbd_cdc.o
    0x080022cc   0x00000088   Code   RO          343    i.USBD_CDC_Init     usbd_cdc.o
    0x08002354   0x00000028   Code   RO          344    i.USBD_CDC_ReceivePacket  usbd_cdc.o
    0x0800237c   0x00000010   Code   RO          345    i.USBD_CDC_RegisterInterface  usbd_cdc.o
    0x0800238c   0x0000000c   Code   RO          346    i.USBD_CDC_SetRxBuffer  usbd_cdc.o
    0x08002398   0x00000010   Code   RO          347    i.USBD_CDC_SetTxBuffer  usbd_cdc.o
    0x080023a8   0x00000070   Code   RO          348    i.USBD_CDC_Setup    usbd_cdc.o
    0x08002418   0x00000030   Code   RO          349    i.USBD_CDC_TransmitPacket  usbd_cdc.o
    0x08002448   0x0000000e   Code   RO          197    i.USBD_ClrClassConfig  usbd_core.o
    0x08002456   0x00000010   Code   RO           13    i.USBD_CtlContinueRx  usbd_ioreq.o
    0x08002466   0x00000010   Code   RO           14    i.USBD_CtlContinueSendData  usbd_ioreq.o
    0x08002476   0x00000016   Code   RO          445    i.USBD_CtlError     usbd_ctlreq.o
    0x0800248c   0x0000001e   Code   RO           15    i.USBD_CtlPrepareRx  usbd_ioreq.o
    0x080024aa   0x00000016   Code   RO           16    i.USBD_CtlReceiveStatus  usbd_ioreq.o
    0x080024c0   0x0000001a   Code   RO           17    i.USBD_CtlSendData  usbd_ioreq.o
    0x080024da   0x00000016   Code   RO           18    i.USBD_CtlSendStatus  usbd_ioreq.o
    0x080024f0   0x00000020   Code   RO          641    i.USBD_FS_ConfigStrDescriptor  usbd_desc.o
    0x08002510   0x0000000c   Code   RO          642    i.USBD_FS_DeviceDescriptor  usbd_desc.o
    0x0800251c   0x00000024   Code   RO          643    i.USBD_FS_InterfaceStrDescriptor  usbd_desc.o
    0x08002540   0x0000000c   Code   RO          644    i.USBD_FS_LangIDStrDescriptor  usbd_desc.o
    0x0800254c   0x00000028   Code   RO          645    i.USBD_FS_ManufacturerStrDescriptor  usbd_desc.o
    0x08002574   0x0000002c   Code   RO          646    i.USBD_FS_ProductStrDescriptor  usbd_desc.o
    0x080025a0   0x00000024   Code   RO          647    i.USBD_FS_SerialStrDescriptor  usbd_desc.o
    0x080025c4   0x000000e0   Code   RO          446    i.USBD_GetDescriptor  usbd_ctlreq.o
    0x080026a4   0x00000046   Code   RO          447    i.USBD_GetString    usbd_ctlreq.o
    0x080026ea   0x0000002a   Code   RO          199    i.USBD_Init         usbd_core.o
    0x08002714   0x0000000e   Code   RO          841    i.USBD_LL_ClearStallEP  usbd_conf.o
    0x08002722   0x0000000e   Code   RO          842    i.USBD_LL_CloseEP   usbd_conf.o
    0x08002730   0x000000aa   Code   RO          200    i.USBD_LL_DataInStage  usbd_core.o
    0x080027da   0x0000006a   Code   RO          201    i.USBD_LL_DataOutStage  usbd_core.o
    0x08002844   0x00000004   Code   RO          202    i.USBD_LL_DevConnected  usbd_core.o
    0x08002848   0x00000016   Code   RO          203    i.USBD_LL_DevDisconnected  usbd_core.o
    0x0800285e   0x00000008   Code   RO          846    i.USBD_LL_GetRxDataSize  usbd_conf.o
    0x08002866   0x00000002   PAD
    0x08002868   0x00000064   Code   RO          847    i.USBD_LL_Init      usbd_conf.o
    0x080028cc   0x00000020   Code   RO          848    i.USBD_LL_IsStallEP  usbd_conf.o
    0x080028ec   0x00000004   Code   RO          204    i.USBD_LL_IsoINIncomplete  usbd_core.o
    0x080028f0   0x00000004   Code   RO          205    i.USBD_LL_IsoOUTIncomplete  usbd_core.o
    0x080028f4   0x00000014   Code   RO          849    i.USBD_LL_OpenEP    usbd_conf.o
    0x08002908   0x0000000e   Code   RO          850    i.USBD_LL_PrepareReceive  usbd_conf.o
    0x08002916   0x0000003e   Code   RO          206    i.USBD_LL_Reset     usbd_core.o
    0x08002954   0x0000000c   Code   RO          207    i.USBD_LL_Resume    usbd_core.o
    0x08002960   0x00000018   Code   RO          208    i.USBD_LL_SOF       usbd_core.o
    0x08002978   0x00000006   Code   RO          209    i.USBD_LL_SetSpeed  usbd_core.o
    0x0800297e   0x0000000e   Code   RO          851    i.USBD_LL_SetUSBAddress  usbd_conf.o
    0x0800298c   0x0000005a   Code   RO          210    i.USBD_LL_SetupStage  usbd_core.o
    0x080029e6   0x0000000e   Code   RO          852    i.USBD_LL_StallEP   usbd_conf.o
    0x080029f4   0x0000000e   Code   RO          853    i.USBD_LL_Start     usbd_conf.o
    0x08002a02   0x00000012   Code   RO          211    i.USBD_LL_Suspend   usbd_core.o
    0x08002a14   0x0000000e   Code   RO          855    i.USBD_LL_Transmit  usbd_conf.o
    0x08002a22   0x00000028   Code   RO          448    i.USBD_ParseSetupRequest  usbd_ctlreq.o
    0x08002a4a   0x00000010   Code   RO          212    i.USBD_RegisterClass  usbd_core.o
    0x08002a5a   0x00000016   Code   RO          214    i.USBD_SetClassConfig  usbd_core.o
    0x08002a70   0x00000074   Code   RO          449    i.USBD_SetConfig    usbd_ctlreq.o
    0x08002ae4   0x0000000a   Code   RO          215    i.USBD_Start        usbd_core.o
    0x08002aee   0x000000f2   Code   RO          450    i.USBD_StdDevReq    usbd_ctlreq.o
    0x08002be0   0x000000dc   Code   RO          451    i.USBD_StdEPReq     usbd_ctlreq.o
    0x08002cbc   0x00000034   Code   RO          452    i.USBD_StdItfReq    usbd_ctlreq.o
    0x08002cf0   0x00000080   Code   RO         2210    i.USB_ActivateEndpoint  stm32f4xx_ll_usb.o
    0x08002d70   0x00000034   Code   RO         2211    i.USB_ActivateSetup  stm32f4xx_ll_usb.o
    0x08002da4   0x00000064   Code   RO         2213    i.USB_CoreInit      stm32f4xx_ll_usb.o
    0x08002e08   0x00000038   Code   RO         2214    i.USB_CoreReset     stm32f4xx_ll_usb.o
    0x08002e40   0x0000006e   Code   RO         2216    i.USB_DeactivateEndpoint  stm32f4xx_ll_usb.o
    0x08002eae   0x00000018   Code   RO         2217    i.USB_DevConnect    stm32f4xx_ll_usb.o
    0x08002ec6   0x00000018   Code   RO         2218    i.USB_DevDisconnect  stm32f4xx_ll_usb.o
    0x08002ede   0x00000002   PAD
    0x08002ee0   0x00000144   Code   RO         2219    i.USB_DevInit       stm32f4xx_ll_usb.o
    0x08003024   0x0000000c   Code   RO         2220    i.USB_DisableGlobalInt  stm32f4xx_ll_usb.o
    0x08003030   0x00000140   Code   RO         2223    i.USB_EP0StartXfer  stm32f4xx_ll_usb.o
    0x08003170   0x0000003e   Code   RO         2224    i.USB_EP0_OutStart  stm32f4xx_ll_usb.o
    0x080031ae   0x00000064   Code   RO         2225    i.USB_EPClearStall  stm32f4xx_ll_usb.o
    0x08003212   0x0000005e   Code   RO         2226    i.USB_EPSetStall    stm32f4xx_ll_usb.o
    0x08003270   0x0000021c   Code   RO         2227    i.USB_EPStartXfer   stm32f4xx_ll_usb.o
    0x0800348c   0x0000000c   Code   RO         2228    i.USB_EnableGlobalInt  stm32f4xx_ll_usb.o
    0x08003498   0x00000020   Code   RO         2229    i.USB_FlushRxFifo   stm32f4xx_ll_usb.o
    0x080034b8   0x00000024   Code   RO         2230    i.USB_FlushTxFifo   stm32f4xx_ll_usb.o
    0x080034dc   0x0000003c   Code   RO         2232    i.USB_GetDevSpeed   stm32f4xx_ll_usb.o
    0x08003518   0x00000008   Code   RO         2234    i.USB_GetMode       stm32f4xx_ll_usb.o
    0x08003520   0x0000000e   Code   RO         2241    i.USB_ReadDevAllInEpInterrupt  stm32f4xx_ll_usb.o
    0x0800352e   0x0000000e   Code   RO         2242    i.USB_ReadDevAllOutEpInterrupt  stm32f4xx_ll_usb.o
    0x0800353c   0x0000001e   Code   RO         2243    i.USB_ReadDevInEPInterrupt  stm32f4xx_ll_usb.o
    0x0800355a   0x00000010   Code   RO         2244    i.USB_ReadDevOutEPInterrupt  stm32f4xx_ll_usb.o
    0x0800356a   0x00000008   Code   RO         2245    i.USB_ReadInterrupts  stm32f4xx_ll_usb.o
    0x08003572   0x00000020   Code   RO         2246    i.USB_ReadPacket    stm32f4xx_ll_usb.o
    0x08003592   0x0000002c   Code   RO         2248    i.USB_SetCurrentMode  stm32f4xx_ll_usb.o
    0x080035be   0x00000022   Code   RO         2249    i.USB_SetDevAddress  stm32f4xx_ll_usb.o
    0x080035e0   0x00000028   Code   RO         2253    i.USB_WritePacket   stm32f4xx_ll_usb.o
    0x08003608   0x00000002   Code   RO         1081    i.UsageFault_Handler  stm32f4xx_it.o
    0x0800360a   0x0000000e   Code   RO         4940    i.__scatterload_copy  mc_w.l(handlers.o)
    0x08003618   0x00000002   Code   RO         4941    i.__scatterload_null  mc_w.l(handlers.o)
    0x0800361a   0x0000000e   Code   RO         4942    i.__scatterload_zeroinit  mc_w.l(handlers.o)
    0x08003628   0x00000050   Code   RO         4892    i.free              mc_w.l(malloc.o)
    0x08003678   0x00000074   Code   RO          516    i.main              main.o
    0x080036ec   0x0000000c   Code   RO         3818    i.makeFreeRtosPriority  cmsis_os.o
    0x080036f8   0x0000006c   Code   RO         4893    i.malloc            mc_w.l(malloc.o)
    0x08003764   0x00000014   Code   RO          517    i.map               main.o
    0x08003778   0x0000000e   Code   RO         3819    i.osDelay           cmsis_os.o
    0x08003786   0x0000000a   Code   RO         3822    i.osKernelStart     cmsis_os.o
    0x08003790   0x00000014   Code   RO         3851    i.osSystickHandler  cmsis_os.o
    0x080037a4   0x00000038   Code   RO         3852    i.osThreadCreate    cmsis_os.o
    0x080037dc   0x00000034   Code   RO         4158    i.prvAddCurrentTaskToDelayedList  tasks.o
    0x08003810   0x00000054   Code   RO         4159    i.prvCheckTasksWaitingTermination  tasks.o
    0x08003864   0x0000004c   Code   RO         4526    i.prvHeapInit       heap_4.o
    0x080038b0   0x00000028   Code   RO         4160    i.prvIdleTask       tasks.o
    0x080038d8   0x0000004c   Code   RO         4527    i.prvInsertBlockIntoFreeList  heap_4.o
    0x08003924   0x00000020   Code   RO         4162    i.prvResetNextTaskUnblockTime  tasks.o
    0x08003944   0x00000028   Code   RO         4462    i.prvTaskExitError  port.o
    0x0800396c   0x000000d8   Code   RO         4528    i.pvPortMalloc      heap_4.o
    0x08003a44   0x00000028   Code   RO         4463    i.pxPortInitialiseStack  port.o
    0x08003a6c   0x00000024   Code   RO         4728    i.uxListRemove      list.o
    0x08003a90   0x00000016   Code   RO         4729    i.vListInitialise   list.o
    0x08003aa6   0x00000006   Code   RO         4730    i.vListInitialiseItem  list.o
    0x08003aac   0x00000030   Code   RO         4731    i.vListInsert       list.o
    0x08003adc   0x00000018   Code   RO         4732    i.vListInsertEnd    list.o
    0x08003af4   0x00000040   Code   RO         4465    i.vPortEnterCritical  port.o
    0x08003b34   0x00000028   Code   RO         4466    i.vPortExitCritical  port.o
    0x08003b5c   0x0000005c   Code   RO         4529    i.vPortFree         heap_4.o
    0x08003bb8   0x00000020   Code   RO         4467    i.vPortSetupTimerInterrupt  port.o
    0x08003bd8   0x00000068   Code   RO         4172    i.vTaskDelay        tasks.o
    0x08003c40   0x00000068   Code   RO         4184    i.vTaskStartScheduler  tasks.o
    0x08003ca8   0x00000010   Code   RO         4186    i.vTaskSuspendAll   tasks.o
    0x08003cb8   0x0000005c   Code   RO         4187    i.vTaskSwitchContext  tasks.o
    0x08003d14   0x000000e0   Code   RO         4469    i.xPortStartScheduler  port.o
    0x08003df4   0x0000002c   Code   RO         4470    i.xPortSysTickHandler  port.o
    0x08003e20   0x000001bc   Code   RO         4189    i.xTaskGenericCreate  tasks.o
    0x08003fdc   0x0000001c   Code   RO         4193    i.xTaskGetSchedulerState  tasks.o
    0x08003ff8   0x000000cc   Code   RO         4196    i.xTaskIncrementTick  tasks.o
    0x080040c4   0x000000c4   Code   RO         4202    i.xTaskResumeAll    tasks.o
    0x08004188   0x00000014   Data   RO          520    .constdata          main.o
    0x0800419c   0x00000010   Data   RO         3016    .constdata          stm32f4xx_hal_rcc.o
    0x080041ac   0x0000000c   Data   RO          521    .conststring        main.o
    0x080041b8   0x00000020   Data   RO         4938    Region$$Table       anon$$obj.o


    Execution Region RW_IRAM1 (Base: 0x20000000, Size: 0x0000a810, Max: 0x00020000, ABSOLUTE, COMPRESSED[0x000000c4])

    Base Addr    Size         Type   Attr      Idx    E Section Name        Object

    0x20000000   0x000000db   Data   RW          350    .data               usbd_cdc.o
    0x200000db   0x00000001   PAD
    0x200000dc   0x00000038   Data   RW          351    .data               usbd_cdc.o
    0x20000114   0x00000001   Data   RW          453    .data               usbd_ctlreq.o
    0x20000115   0x00000003   PAD
    0x20000118   0x00000010   Data   RW          523    .data               main.o
    0x20000128   0x0000001c   Data   RW          649    .data               usbd_desc.o
    0x20000144   0x00000016   Data   RW          650    .data               usbd_desc.o
    0x2000015a   0x00000001   Data   RW          745    .data               usbd_cdc_if.o
    0x2000015b   0x00000001   PAD
    0x2000015c   0x00000010   Data   RW          746    .data               usbd_cdc_if.o
    0x2000016c   0x00000004   Data   RW         2840    .data               stm32f4xx_hal.o
    0x20000170   0x00000038   Data   RW         4205    .data               tasks.o
    0x200001a8   0x0000000c   Data   RW         4471    .data               port.o
    0x200001b4   0x00000018   Data   RW         4534    .data               heap_4.o
    0x200001cc   0x00000004   Data   RW         4850    .data               system_stm32f4xx.o
    0x200001d0   0x00000004   Data   RW         4934    .data               mc_w.l(mvars.o)
    0x200001d4   0x00000004   Data   RW         4935    .data               mc_w.l(mvars.o)
    0x200001d8   0x00000040   Zero   RW          518    .bss                main.o
    0x20000218   0x0000006c   Zero   RW          519    .bss                main.o
    0x20000284   0x00000200   Zero   RW          648    .bss                usbd_desc.o
    0x20000484   0x00000224   Zero   RW          710    .bss                usb_device.o
    0x200006a8   0x00000080   Zero   RW          744    .bss                usbd_cdc_if.o
    0x20000728   0x000003b8   Zero   RW          856    .bss                usbd_conf.o
    0x20000ae0   0x0000003c   Zero   RW         1036    .bss                stm32f4xx_hal_timebase_tim.o
    0x20000b1c   0x000000f0   Zero   RW         4204    .bss                tasks.o
    0x20000c0c   0x00003c00   Zero   RW         4533    .bss                heap_4.o
    0x2000480c   0x00000004   PAD
    0x20004810   0x00002000   Zero   RW            2    HEAP                startup_stm32f407xx.o
    0x20006810   0x00004000   Zero   RW            1    STACK               startup_stm32f407xx.o


==============================================================================

Image component sizes


      Code (inc. data)   RO Data    RW Data    ZI Data      Debug   Object Name

       112          0          0          0          0      13824   cmsis_os.o
       460         24          0         24      15360       7303   heap_4.o
       136          0          0          0          0       3614   list.o
       790         60         32         16        172      29629   main.o
       670         74          0         12          0       8548   port.o
        36          8        392          0      24576        848   startup_stm32f407xx.o
       102         16          0          4          0       3648   stm32f4xx_hal.o
       218         14          0          0          0      31121   stm32f4xx_hal_cortex.o
       458         50          0          0          0       2564   stm32f4xx_hal_gpio.o
       164         14          0          0          0       1524   stm32f4xx_hal_msp.o
      1954          0          0          0          0      11421   stm32f4xx_hal_pcd.o
        76          0          0          0          0       1884   stm32f4xx_hal_pcd_ex.o
      1356         72         16          0          0       6061   stm32f4xx_hal_rcc.o
      1478          0          0          0          0       7002   stm32f4xx_hal_spi.o
       638         44          0          0          0       7162   stm32f4xx_hal_tim.o
         4          0          0          0          0       1646   stm32f4xx_hal_tim_ex.o
       116         16          0          0         60       1484   stm32f4xx_hal_timebase_tim.o
        40         12          0          0          0       4218   stm32f4xx_it.o
      2326         52          0          0          0      20564   stm32f4xx_ll_usb.o
        84         18          0          4          0       1381   system_stm32f4xx.o
      1396        116          0         56        240      24322   tasks.o
        56         18          0          0        548        744   usb_device.o
       590         22          0        275          0      13318   usbd_cdc.o
       160         30          0         17        128       3504   usbd_cdc_if.o
       538         18          0          0        952      14046   usbd_conf.o
       626          0          0          0          0      12226   usbd_core.o
       986         30          0          1          0       8096   usbd_ctlreq.o
       212        116          0         50        512       5255   usbd_desc.o
       132          0          0          0          0     327048   usbd_ioreq.o

    ----------------------------------------------------------------------
     15936        824        472        464      42552     574005   Object Totals
         0          0         32          0          0          0   (incl. Generated)
        22          0          0          5          4          0   (incl. Padding)

    ----------------------------------------------------------------------

      Code (inc. data)   RO Data    RW Data    ZI Data      Debug   Library Member Name

        86          0          0          0          0          0   __dczerorl2.o
         0          0          0          0          0          0   entry.o
         0          0          0          0          0          0   entry10a.o
         0          0          0          0          0          0   entry11a.o
         8          4          0          0          0          0   entry2.o
         4          0          0          0          0          0   entry5.o
         0          0          0          0          0          0   entry7b.o
         0          0          0          0          0          0   entry8b.o
         8          4          0          0          0          0   entry9a.o
        30          0          0          0          0          0   handlers.o
        36          8          0          0          0         68   init.o
       188         20          0          0          0        160   malloc.o
        36          0          0          0          0         68   memcpya.o
        36          0          0          0          0        108   memseta.o
         0          0          0          8          0          0   mvars.o
        14          0          0          0          0         68   strlen.o

    ----------------------------------------------------------------------
       448         36          0          8          0        472   Library Totals
         2          0          0          0          0          0   (incl. Padding)

    ----------------------------------------------------------------------

      Code (inc. data)   RO Data    RW Data    ZI Data      Debug   Library Name

       446         36          0          8          0        472   mc_w.l

    ----------------------------------------------------------------------
       448         36          0          8          0        472   Library Totals

    ----------------------------------------------------------------------

==============================================================================


      Code (inc. data)   RO Data    RW Data    ZI Data      Debug   

     16384        860        472        472      42552     553905   Grand Totals
     16384        860        472        196      42552     553905   ELF Image Totals (compressed)
     16384        860        472        196          0          0   ROM Totals

==============================================================================

    Total RO  Size (Code + RO Data)                16856 (  16.46kB)
    Total RW  Size (RW Data + ZI Data)             43024 (  42.02kB)
    Total ROM Size (Code + RO Data + RW Data)      17052 (  16.65kB)

==============================================================================

